Component: ARM Compiler 5.06 update 7 (build 960) Tool: armlink [4d3601]

==============================================================================

Section Cross References

    main.o(.text) refers to misc.o(.text) for NVIC_PriorityGroupConfig
    main.o(.text) refers to delay.o(.text) for delay_init
    main.o(.text) refers to usart.o(.text) for uart_init
    main.o(.text) refers to led.o(.text) for LED_Init
    main.o(.text) refers to lcd.o(.text) for LCD_Init
    main.o(.text) refers to key.o(.text) for KEY_Init
    main.o(.text) refers to slave_motor.o(.text) for INC_IO_init
    main.o(.text) refers to timer.o(.text) for TIM3_Int_Init
    main.o(.text) refers to sram.o(.text) for FSMC_SRAM_Init
    main.o(.text) refers to ft5206.o(.text) for FT5206_Init
    main.o(.text) refers to lv_obj.o(.text) for lv_init
    main.o(.text) refers to lv_port_disp.o(.text) for lv_port_disp_init
    main.o(.text) refers to lv_port_indev.o(.text) for lv_port_indev_init
    main.o(.text) refers to datascope_dp.o(.text) for DataScope_DMA_init
    main.o(.text) refers to mytask.o(.text) for Task_lisk
    main.o(.text) refers to memseta.o(.text) for __aeabi_memclr
    main.o(.text) refers to motor_control.o(.text) for cam_timer_on_off
    main.o(.text) refers to lv_timer.o(.text) for lv_timer_handler
    main.o(.text) refers to stm32f4xx_usart.o(.text) for USART_GetITStatus
    main.o(.text) refers to f2d.o(.text) for __aeabi_f2d
    main.o(.text) refers to sqrt.o(i.__hardfp_sqrt) for __hardfp_sqrt
    main.o(.text) refers to d2f.o(.text) for __aeabi_d2f
    main.o(.text) refers to touch.o(.data) for tp_dev
    main.o(.text) refers to lcd.o(.bss) for lcddev
    main.o(.text) refers to main.o(.constdata) for .constdata
    main.o(.text) refers to main.o(.data) for .data
    main.o(.text) refers to usart.o(.bss) for USART_RX_BUF
    main.o(.text) refers to usart.o(.data) for Uart_len
    main.o(.text) refers to lv_hal_tick.o(.data) for my_lv_time
    main.o(.text) refers to sys.o(.emb_text) for readsps
    main.o(.text) refers to printfa.o(i.__0printf) for __2printf
    system_stm32f4xx.o(.text) refers to system_stm32f4xx.o(.data) for .data
    led.o(.text) refers to stm32f4xx_rcc.o(.text) for RCC_AHB1PeriphClockCmd
    led.o(.text) refers to stm32f4xx_gpio.o(.text) for GPIO_Init
    lcd.o(.text) refers to delay.o(.text) for delay_us
    lcd.o(.text) refers to lcd.o(.bss) for .bss
    lcd.o(.text) refers to dfltui.o(.text) for __aeabi_ui2d
    lcd.o(.text) refers to dmul.o(.text) for __aeabi_dmul
    lcd.o(.text) refers to dfixui.o(.text) for __aeabi_d2uiz
    lcd.o(.text) refers to lcd.o(.data) for .data
    lcd.o(.text) refers to stm32f4xx_rcc.o(.text) for RCC_AHB1PeriphClockCmd
    lcd.o(.text) refers to stm32f4xx_gpio.o(.text) for GPIO_Init
    lcd.o(.text) refers to stm32f4xx_fsmc.o(.text) for FSMC_NORSRAMInit
    lcd.o(.text) refers to printfa.o(i.__0printf) for __2printf
    lcd.o(.text) refers to lcd.o(.constdata) for .constdata
    key.o(.text) refers to stm32f4xx_rcc.o(.text) for RCC_AHB1PeriphClockCmd
    key.o(.text) refers to stm32f4xx_gpio.o(.text) for GPIO_Init
    key.o(.text) refers to delay.o(.text) for delay_ms
    key.o(.text) refers to key.o(.data) for .data
    myiic.o(.text) refers to stm32f4xx_rcc.o(.text) for RCC_AHB1PeriphClockCmd
    myiic.o(.text) refers to stm32f4xx_gpio.o(.text) for GPIO_Init
    myiic.o(.text) refers to delay.o(.text) for delay_us
    ctiic.o(.text) refers to delay.o(.text) for delay_us
    ctiic.o(.text) refers to stm32f4xx_rcc.o(.text) for RCC_AHB1PeriphClockCmd
    ctiic.o(.text) refers to stm32f4xx_gpio.o(.text) for GPIO_Init
    ft5206.o(.text) refers to ctiic.o(.text) for CT_IIC_Start
    ft5206.o(.text) refers to stm32f4xx_rcc.o(.text) for RCC_AHB1PeriphClockCmd
    ft5206.o(.text) refers to stm32f4xx_gpio.o(.text) for GPIO_Init
    ft5206.o(.text) refers to delay.o(.text) for delay_ms
    ft5206.o(.text) refers to ft5206.o(.data) for .data
    ft5206.o(.text) refers to touch.o(.data) for tp_dev
    ft5206.o(.text) refers to ft5206.o(.constdata) for .constdata
    touch.o(.text) refers to delay.o(.text) for delay_us
    touch.o(.text) refers to lcd.o(.text) for LCD_DrawLine
    touch.o(.text) refers to touch.o(.data) for .data
    touch.o(.text) refers to lcd.o(.data) for POINT_COLOR
    touch.o(.text) refers to lcd.o(.bss) for lcddev
    touch.o(.text) refers to dfltui.o(.text) for __aeabi_ui2d
    touch.o(.text) refers to sqrt.o(i.__hardfp_sqrt) for __hardfp_sqrt
    touch.o(.text) refers to dfixui.o(.text) for __aeabi_d2uiz
    touch.o(.text) refers to f2d.o(.text) for __aeabi_f2d
    touch.o(.text) refers to cdcmple.o(.text) for __aeabi_cdcmple
    touch.o(.text) refers to cdrcmple.o(.text) for __aeabi_cdrcmple
    touch.o(.text) refers to dmul.o(.text) for __aeabi_dmul
    touch.o(.text) refers to touch.o(.constdata) for .constdata
    touch.o(.constdata) refers to touch.o(.conststring) for .conststring
    touch.o(.data) refers to touch.o(.text) for TP_Init
[...]
    lv_btnmatrix_set_ctrl_map                0x08076b55   Thumb Code    24  lv_btnmatrix.o(.text)
    lv_btnmatrix_set_selected_btn            0x08076c2d   Thumb Code    42  lv_btnmatrix.o(.text)
    lv_btnmatrix_clear_btn_ctrl              0x08076c57   Thumb Code    46  lv_btnmatrix.o(.text)
    lv_btnmatrix_clear_btn_ctrl_all          0x08076c85   Thumb Code    32  lv_btnmatrix.o(.text)
    lv_btnmatrix_set_btn_ctrl                0x08076ca5   Thumb Code    70  lv_btnmatrix.o(.text)
    lv_btnmatrix_set_btn_ctrl_all            0x08076ceb   Thumb Code    32  lv_btnmatrix.o(.text)
    lv_btnmatrix_set_btn_width               0x08076d0b   Thumb Code    44  lv_btnmatrix.o(.text)
    lv_btnmatrix_has_btn_ctrl                0x08076d37   Thumb Code    24  lv_btnmatrix.o(.text)
    lv_btnmatrix_set_one_checked             0x08076d4f   Thumb Code    10  lv_btnmatrix.o(.text)
    lv_btnmatrix_get_map                     0x08076d59   Thumb Code     4  lv_btnmatrix.o(.text)
    lv_btnmatrix_get_selected_btn            0x08076d5d   Thumb Code     4  lv_btnmatrix.o(.text)
    lv_btnmatrix_get_btn_text                0x08076d61   Thumb Code    88  lv_btnmatrix.o(.text)
    lv_btnmatrix_get_one_checked             0x08076db9   Thumb Code    10  lv_btnmatrix.o(.text)
    lv_checkbox_create                       0x08077951   Thumb Code    20  lv_checkbox.o(.text)
    lv_checkbox_set_text                     0x08077965   Thumb Code    66  lv_checkbox.o(.text)
    lv_checkbox_set_text_static              0x080779a7   Thumb Code    42  lv_checkbox.o(.text)
    lv_checkbox_get_text                     0x080779d1   Thumb Code     4  lv_checkbox.o(.text)
    lv_dropdown_create                       0x08077d55   Thumb Code    20  lv_dropdown.o(.text)
    lv_dropdown_set_text                     0x08077d69   Thumb Code    14  lv_dropdown.o(.text)
    lv_dropdown_set_options                  0x08077d77   Thumb Code   128  lv_dropdown.o(.text)
    lv_dropdown_set_options_static           0x08077df7   Thumb Code   100  lv_dropdown.o(.text)
    lv_dropdown_add_option                   0x08077e5b   Thumb Code   260  lv_dropdown.o(.text)
    lv_dropdown_clear_options                0x08077f5f   Thumb Code    62  lv_dropdown.o(.text)
    lv_dropdown_set_selected                 0x08077f9d   Thumb Code    24  lv_dropdown.o(.text)
    lv_dropdown_set_dir                      0x08077fb5   Thumb Code    26  lv_dropdown.o(.text)
    lv_dropdown_set_symbol                   0x08077fcf   Thumb Code     6  lv_dropdown.o(.text)
    lv_dropdown_set_selected_highlight       0x08077fd5   Thumb Code    24  lv_dropdown.o(.text)
    lv_dropdown_get_list                     0x08077fed   Thumb Code     4  lv_dropdown.o(.text)
    lv_dropdown_get_text                     0x08077ff1   Thumb Code     4  lv_dropdown.o(.text)
    lv_dropdown_get_options                  0x08077ff5   Thumb Code    10  lv_dropdown.o(.text)
    lv_dropdown_get_selected                 0x08077fff   Thumb Code     4  lv_dropdown.o(.text)
    lv_dropdown_get_option_cnt               0x08078003   Thumb Code     4  lv_dropdown.o(.text)
    lv_dropdown_get_selected_str             0x08078007   Thumb Code    82  lv_dropdown.o(.text)
    lv_dropdown_get_symbol                   0x08078059   Thumb Code     4  lv_dropdown.o(.text)
    lv_dropdown_get_selected_highlight       0x0807805d   Thumb Code    10  lv_dropdown.o(.text)
    lv_dropdown_get_dir                      0x08078067   Thumb Code    10  lv_dropdown.o(.text)
    lv_dropdown_open                         0x080780bb   Thumb Code   554  lv_dropdown.o(.text)
    lv_dropdown_close                        0x080782e5   Thumb Code    38  lv_dropdown.o(.text)
    lv_img_create                            0x08078aed   Thumb Code    20  lv_img.o(.text)
    lv_img_set_src                           0x08078b01   Thumb Code   342  lv_img.o(.text)
    lv_img_set_offset_x                      0x08078c57   Thumb Code    18  lv_img.o(.text)
    lv_img_set_offset_y                      0x08078c69   Thumb Code    18  lv_img.o(.text)
    lv_img_set_angle                         0x08078c7b   Thumb Code   244  lv_img.o(.text)
    lv_img_set_pivot                         0x08078d6f   Thumb Code   238  lv_img.o(.text)
    lv_img_set_zoom                          0x08078e5d   Thumb Code   258  lv_img.o(.text)
    lv_img_set_antialias                     0x08078f5f   Thumb Code    24  lv_img.o(.text)
    lv_img_set_size_mode                     0x08078f77   Thumb Code    22  lv_img.o(.text)
    lv_img_get_src                           0x08078f8d   Thumb Code     4  lv_img.o(.text)
    lv_img_get_offset_x                      0x08078f91   Thumb Code     6  lv_img.o(.text)
    lv_img_get_offset_y                      0x08078f97   Thumb Code     6  lv_img.o(.text)
    lv_img_get_angle                         0x08078f9d   Thumb Code     4  lv_img.o(.text)
    lv_img_get_pivot                         0x08078fa1   Thumb Code     8  lv_img.o(.text)
    lv_img_get_zoom                          0x08078fa9   Thumb Code     4  lv_img.o(.text)
    lv_img_get_antialias                     0x08078fad   Thumb Code     8  lv_img.o(.text)
    lv_img_get_size_mode                     0x08078fb5   Thumb Code    10  lv_img.o(.text)
    lv_label_create                          0x08079749   Thumb Code    20  lv_label.o(.text)
    lv_label_get_text                        0x0807975d   Thumb Code     4  lv_label.o(.text)
    lv_label_get_letter_on                   0x08079761   Thumb Code   482  lv_label.o(.text)
    lv_label_set_text                        0x08079dad   Thumb Code   108  lv_label.o(.text)
    lv_label_set_text_fmt                    0x08079e19   Thumb Code    80  lv_label.o(.text)
    lv_label_set_text_static                 0x08079e69   Thumb Code    50  lv_label.o(.text)
    lv_label_set_long_mode                   0x08079ef5   Thumb Code   106  lv_label.o(.text)
    lv_label_set_recolor                     0x08079f5f   Thumb Code    24  lv_label.o(.text)
    lv_label_set_text_sel_start              0x08079f77   Thumb Code     6  lv_label.o(.text)
    lv_label_set_text_sel_end                0x08079f7d   Thumb Code     6  lv_label.o(.text)
    lv_label_get_long_mode                   0x08079f83   Thumb Code    38  lv_label.o(.text)
    lv_label_get_recolor                     0x08079fa9   Thumb Code    10  lv_label.o(.text)
    lv_label_get_letter_pos                  0x08079fb3   Thumb Code   432  lv_label.o(.text)
    lv_label_is_char_under_pos               0x0807a163   Thumb Code   410  lv_label.o(.text)
    lv_label_get_text_selection_start        0x0807a2fd   Thumb Code     4  lv_label.o(.text)
    lv_label_get_text_selection_end          0x0807a301   Thumb Code     4  lv_label.o(.text)
    lv_label_ins_text                        0x0807a305   Thumb Code    98  lv_label.o(.text)
    lv_label_cut_text                        0x0807a367   Thumb Code    44  lv_label.o(.text)
    lv_line_create                           0x0807a7b5   Thumb Code    20  lv_line.o(.text)
    lv_line_set_points                       0x0807a7c9   Thumb Code    22  lv_line.o(.text)
    lv_line_set_y_invert                     0x0807a7df   Thumb Code    22  lv_line.o(.text)
    lv_line_get_y_invert                     0x0807a7f5   Thumb Code    10  lv_line.o(.text)
    lv_roller_create                         0x0807a991   Thumb Code    20  lv_roller.o(.text)
    lv_roller_set_options                    0x0807aa29   Thumb Code   212  lv_roller.o(.text)
    lv_roller_set_selected                   0x0807ac15   Thumb Code    52  lv_roller.o(.text)
    lv_roller_set_visible_row_count          0x0807ac49   Thumb Code    56  lv_roller.o(.text)
    lv_roller_get_selected                   0x0807ac81   Thumb Code    32  lv_roller.o(.text)
    lv_roller_get_selected_str               0x0807aca1   Thumb Code    92  lv_roller.o(.text)
    lv_roller_get_options                    0x0807acfd   Thumb Code    14  lv_roller.o(.text)
    lv_roller_get_option_cnt                 0x0807ad0b   Thumb Code    18  lv_roller.o(.text)
    lv_slider_create                         0x0807b3c1   Thumb Code    20  lv_slider.o(.text)
    lv_slider_is_dragged                     0x0807b3d5   Thumb Code    10  lv_slider.o(.text)
    lv_switch_create                         0x0807bb55   Thumb Code    20  lv_switch.o(.text)
    lv_table_create                          0x0807beb1   Thumb Code    20  lv_table.o(.text)
    lv_table_set_row_cnt                     0x0807c063   Thumb Code   118  lv_table.o(.text)
    lv_table_set_col_cnt                     0x0807c0d9   Thumb Code   194  lv_table.o(.text)
    lv_table_set_cell_value                  0x0807c19b   Thumb Code   130  lv_table.o(.text)
    lv_table_set_cell_value_fmt              0x0807c21d   Thumb Code   318  lv_table.o(.text)
    lv_table_set_col_width                   0x0807c35b   Thumb Code    40  lv_table.o(.text)
    lv_table_add_cell_ctrl                   0x0807c383   Thumb Code   102  lv_table.o(.text)
    lv_table_clear_cell_ctrl                 0x0807c3e9   Thumb Code   100  lv_table.o(.text)
    lv_table_get_cell_value                  0x0807c44d   Thumb Code    32  lv_table.o(.text)
    lv_table_get_row_cnt                     0x0807c46d   Thumb Code     4  lv_table.o(.text)
    lv_table_get_col_cnt                     0x0807c471   Thumb Code     4  lv_table.o(.text)
    lv_table_get_col_width                   0x0807c475   Thumb Code    18  lv_table.o(.text)
    lv_table_has_cell_ctrl                   0x0807c487   Thumb Code    42  lv_table.o(.text)
    lv_table_get_selected_cell               0x0807c4b1   Thumb Code    10  lv_table.o(.text)
    lv_textarea_create                       0x0807ccd5   Thumb Code    20  lv_textarea.o(.text)
    lv_textarea_get_cursor_pos               0x0807cce9   Thumb Code     4  lv_textarea.o(.text)
    lv_textarea_set_cursor_pos               0x0807cfbb   Thumb Code   224  lv_textarea.o(.text)
    lv_textarea_clear_selection              0x0807d147   Thumb Code    50  lv_textarea.o(.text)
    lv_textarea_get_text                     0x0807d179   Thumb Code    18  lv_textarea.o(.text)
    lv_textarea_get_max_length               0x0807d18b   Thumb Code     4  lv_textarea.o(.text)
    lv_textarea_get_accepted_chars           0x0807d18f   Thumb Code     4  lv_textarea.o(.text)
    lv_textarea_add_text                     0x0807d193   Thumb Code   258  lv_textarea.o(.text)
    lv_textarea_add_char                     0x0807d2cb   Thumb Code   240  lv_textarea.o(.text)
    lv_textarea_del_char                     0x0807d3bb   Thumb Code   142  lv_textarea.o(.text)
    lv_textarea_del_char_forward             0x0807d449   Thumb Code    28  lv_textarea.o(.text)
    lv_textarea_set_text                     0x0807d465   Thumb Code   282  lv_textarea.o(.text)
    lv_textarea_set_placeholder_text         0x0807d57f   Thumb Code    76  lv_textarea.o(.text)
    lv_textarea_set_cursor_click_pos         0x0807d5cb   Thumb Code    12  lv_textarea.o(.text)
    lv_textarea_set_password_mode            0x0807d5d7   Thumb Code   108  lv_textarea.o(.text)
    lv_textarea_set_one_line                 0x0807d643   Thumb Code   126  lv_textarea.o(.text)
    lv_textarea_set_accepted_chars           0x0807d6c1   Thumb Code     4  lv_textarea.o(.text)
    lv_textarea_set_max_length               0x0807d6c5   Thumb Code     4  lv_textarea.o(.text)
    lv_textarea_set_insert_replace           0x0807d6c9   Thumb Code     6  lv_textarea.o(.text)
    lv_textarea_set_text_selection           0x0807d6cf   Thumb Code    20  lv_textarea.o(.text)
    lv_textarea_set_password_show_time       0x0807d6e3   Thumb Code     4  lv_textarea.o(.text)
    lv_textarea_get_label                    0x0807d6e7   Thumb Code     4  lv_textarea.o(.text)
    lv_textarea_set_align                    0x0807d6eb   Thumb Code    52  lv_textarea.o(.text)
    lv_textarea_get_placeholder_text         0x0807d71f   Thumb Code    12  lv_textarea.o(.text)
    lv_textarea_get_cursor_click_pos         0x0807d72b   Thumb Code    10  lv_textarea.o(.text)
    lv_textarea_get_password_mode            0x0807d735   Thumb Code    10  lv_textarea.o(.text)
    lv_textarea_get_one_line                 0x0807d73f   Thumb Code    10  lv_textarea.o(.text)
    lv_textarea_text_is_selected             0x0807d749   Thumb Code    36  lv_textarea.o(.text)
    lv_textarea_get_text_selection           0x0807d76d   Thumb Code    10  lv_textarea.o(.text)
    lv_textarea_get_password_show_time       0x0807d777   Thumb Code     4  lv_textarea.o(.text)
    lv_textarea_cursor_right                 0x0807d77b   Thumb Code     6  lv_textarea.o(.text)
    lv_textarea_cursor_left                  0x0807d781   Thumb Code    12  lv_textarea.o(.text)
    lv_textarea_cursor_down                  0x0807d78d   Thumb Code    90  lv_textarea.o(.text)
    lv_textarea_cursor_up                    0x0807d7e7   Thumb Code    76  lv_textarea.o(.text)
    Btn_Num_sever                            0x0807de57   Thumb Code    44  gui.o(.text)
    Tc_init                                  0x0807de83   Thumb Code    66  gui.o(.text)
    Continue_init                            0x0807dec5   Thumb Code    48  gui.o(.text)
    Ovar_init                                0x0807def5   Thumb Code    72  gui.o(.text)
    M4_init                                  0x0807df3d   Thumb Code    48  gui.o(.text)
    VOR_init                                 0x0807df6d   Thumb Code    64  gui.o(.text)
    rotate_dir_buttum_handler                0x0807e015   Thumb Code    48  gui.o(.text)
    INC_manual_timer_handler                 0x0807e045   Thumb Code    20  gui.o(.text)
    INC_manual_event                         0x0807e059   Thumb Code   108  gui.o(.text)
    Model_init                               0x0807e0c5   Thumb Code   770  gui.o(.text)
    Start_btn_sever                          0x0807e3c7   Thumb Code    60  gui.o(.text)
    start_init                               0x0807e403   Thumb Code   128  gui.o(.text)
    Menu_init                                0x0807e483   Thumb Code   160  gui.o(.text)
    reset_btn_handler                        0x0807e523   Thumb Code    82  gui.o(.text)
    cam_btn_handler                          0x0807e575   Thumb Code    32  gui.o(.text)
    Dropdown_read                            0x0807e595   Thumb Code    68  gui.o(.text)
    start_btn_flash                          0x0807e5d9   Thumb Code    90  gui.o(.text)
    start_btn_change                         0x0807e633   Thumb Code   102  gui.o(.text)
    Dropdown_read_float                      0x0807e699   Thumb Code   446  gui.o(.text)
    wait_slave_ready_ui                      0x0807e875   Thumb Code   124  gui.o(.text)
    f_int_tran                               0x0807e8f1   Thumb Code    46  gui.o(.text)
    link_find                                0x0807e94d   Thumb Code    18  list_c.o(.text)
    link_Remove                              0x0807e95f   Thumb Code    40  list_c.o(.text)
    link_Del                                 0x0807e987   Thumb Code     4  list_c.o(.text)
    initLink                                 0x0807e98b   Thumb Code    64  list_c.o(.text)
    Task_lisk                                0x0807e9fb   Thumb Code    26  mytask.o(.text)
    Dropdown_read_option                     0x0807eb29   Thumb Code    82  mytask.o(.text)
    task_change_sever                        0x0807eb7b   Thumb Code   184  mytask.o(.text)
    Table_touch_handle                       0x0807ec33   Thumb Code    70  mytask.o(.text)
    table_init                               0x0807ec79   Thumb Code   240  mytask.o(.text)
    table_hidden                             0x0807ed69   Thumb Code    24  mytask.o(.text)
    table_show                               0x0807ed81   Thumb Code    38  mytask.o(.text)
    Table_reflush                            0x0807eda7   Thumb Code   394  mytask.o(.text)
    table_set                                0x0807ef31   Thumb Code   344  mytask.o(.text)
    table_arrange                            0x0807f089   Thumb Code    56  mytask.o(.text)
    table_arrange_auto                       0x0807f0c1   Thumb Code   252  mytask.o(.text)
    Table_list_add                           0x0807f1bd   Thumb Code    10  mytask.o(.text)
    Table_move                               0x0807f1c7   Thumb Code    24  mytask.o(.text)
    link_re                                  0x0807f1df   Thumb Code    34  mytask.o(.text)
    Table_btn_handler                        0x0807f201   Thumb Code   202  mytask.o(.text)
    Table_btn_init                           0x0807f2cb   Thumb Code   242  mytask.o(.text)
    __aeabi_uldivmod                         0x0807f3e1   Thumb Code    98  uldiv.o(.text)
    ___aeabi_memcpy8$move                    0x0807f443   Thumb Code     0  memmovea.o(.text)
    __aeabi_memcpy                           0x0807f443   Thumb Code    64  memmovea.o(.text)
    __aeabi_memcpy4                          0x0807f443   Thumb Code     0  memmovea.o(.text)
    __aeabi_memmove                          0x0807f443   Thumb Code     0  memmovea.o(.text)
    __aeabi_memmove4                         0x0807f443   Thumb Code     0  memmovea.o(.text)
    __aeabi_memmove8                         0x0807f443   Thumb Code     0  memmovea.o(.text)
    __aeabi_memset                           0x0807f483   Thumb Code    14  memseta.o(.text)
    __aeabi_memset4                          0x0807f483   Thumb Code     0  memseta.o(.text)
    __aeabi_memset8                          0x0807f483   Thumb Code     0  memseta.o(.text)
    __aeabi_memclr                           0x0807f491   Thumb Code     4  memseta.o(.text)
    __aeabi_memclr4                          0x0807f491   Thumb Code     0  memseta.o(.text)
    __aeabi_memclr8                          0x0807f491   Thumb Code     0  memseta.o(.text)
    _memset$wrapper                          0x0807f495   Thumb Code    18  memseta.o(.text)
    strcat                                   0x0807f4a7   Thumb Code    24  strcat.o(.text)
    strlen                                   0x0807f4bf   Thumb Code    14  strlen.o(.text)
    strcmp                                   0x0807f4cd   Thumb Code    28  strcmp.o(.text)
    strcpy                                   0x0807f4e9   Thumb Code    18  strcpy.o(.text)
    vsscanf                                  0x0807f4fd   Thumb Code    40  vsscanf.o(.text)
    __aeabi_dmul                             0x0807f52d   Thumb Code   228  dmul.o(.text)
    __aeabi_ddiv                             0x0807f611   Thumb Code   222  ddiv.o(.text)
    __aeabi_i2d                              0x0807f6ef   Thumb Code    34  dflti.o(.text)
    __aeabi_ui2d                             0x0807f711   Thumb Code    26  dfltui.o(.text)
    __aeabi_d2iz                             0x0807f72b   Thumb Code    62  dfixi.o(.text)
    __aeabi_d2uiz                            0x0807f769   Thumb Code    50  dfixui.o(.text)
    __aeabi_f2d                              0x0807f79b   Thumb Code    38  f2d.o(.text)
    __aeabi_cdcmpeq                          0x0807f7c1   Thumb Code     0  cdcmple.o(.text)
    __aeabi_cdcmple                          0x0807f7c1   Thumb Code    48  cdcmple.o(.text)
    __aeabi_cdrcmple                         0x0807f7f1   Thumb Code    48  cdrcmple.o(.text)
    __aeabi_d2f                              0x0807f821   Thumb Code    56  d2f.o(.text)
    __aeabi_uidiv                            0x0807f859   Thumb Code     0  uidiv.o(.text)
    __aeabi_uidivmod                         0x0807f859   Thumb Code    44  uidiv.o(.text)
    __aeabi_llsl                             0x0807f885   Thumb Code    30  llshl.o(.text)
    _ll_shift_l                              0x0807f885   Thumb Code     0  llshl.o(.text)
    __aeabi_llsr                             0x0807f8a3   Thumb Code    32  llushr.o(.text)
    _ll_ushift_r                             0x0807f8a3   Thumb Code     0  llushr.o(.text)
    _scanf_longlong                          0x0807f8c3   Thumb Code   342  _scanf_longlong.o(.text)
    _scanf_int                               0x0807fa19   Thumb Code   332  _scanf_int.o(.text)
    _scanf_string                            0x0807fb65   Thumb Code   224  _scanf_str.o(.text)
    _scanf_real                              0x0807fd6d   Thumb Code     0  scanf_fp.o(.text)
    _scanf_really_real                       0x0807fd6d   Thumb Code   556  scanf_fp.o(.text)
    __vfscanf_char                           0x0807ffb1   Thumb Code    20  scanf_char.o(.text)
    _sgetc                                   0x0807ffcd   Thumb Code    30  _sgetc.o(.text)
    _sbackspace                              0x0807ffeb   Thumb Code    34  _sgetc.o(.text)
    __I$use$fp                               0x0808000d   Thumb Code     0  iusefp.o(.text)
    _float_round                             0x0808000d   Thumb Code    18  fepilogue.o(.text)
    _float_epilogue                          0x0808001f   Thumb Code    92  fepilogue.o(.text)
    _double_round                            0x0808007b   Thumb Code    30  depilogue.o(.text)
    _double_epilogue                         0x08080099   Thumb Code   156  depilogue.o(.text)
    __aeabi_dadd                             0x08080135   Thumb Code   322  dadd.o(.text)
    __aeabi_dsub                             0x08080277   Thumb Code     6  dadd.o(.text)
    __aeabi_drsub                            0x0808027d   Thumb Code     6  dadd.o(.text)
    _dsqrt                                   0x08080283   Thumb Code   162  dsqrt.o(.text)
    __aeabi_d2ulz                            0x08080325   Thumb Code    48  dfixul.o(.text)
    __aeabi_lasr                             0x08080355   Thumb Code    36  llsshr.o(.text)
    _ll_sshift_r                             0x08080355   Thumb Code     0  llsshr.o(.text)
    isspace                                  0x08080379   Thumb Code    10  isspace_c.o(.text)
    _chval                                   0x08080383   Thumb Code    28  _chval.o(.text)
    __vfscanf                                0x080803a1   Thumb Code   810  _scanf.o(.text)
    __aeabi_ul2d                             0x080806d1   Thumb Code    24  dfltul.o(.text)
    __ctype_lookup                           0x080806e9   Thumb Code    34  ctype_c.o(.text)
    __decompress                             0x08080711   Thumb Code     0  __dczerorl2.o(.text)
    __decompress1                            0x08080711   Thumb Code    86  __dczerorl2.o(.text)
    __0printf                                0x08080769   Thumb Code    22  printfa.o(i.__0printf)
    __1printf                                0x08080769   Thumb Code     0  printfa.o(i.__0printf)
    __2printf                                0x08080769   Thumb Code     0  printfa.o(i.__0printf)
    __c89printf                              0x08080769   Thumb Code     0  printfa.o(i.__0printf)
    printf                                   0x08080769   Thumb Code     0  printfa.o(i.__0printf)
    __0vsprintf                              0x08080789   Thumb Code    30  printfa.o(i.__0vsprintf)
    __1vsprintf                              0x08080789   Thumb Code     0  printfa.o(i.__0vsprintf)
    __2vsprintf                              0x08080789   Thumb Code     0  printfa.o(i.__0vsprintf)
    __c89vsprintf                            0x08080789   Thumb Code     0  printfa.o(i.__0vsprintf)
    vsprintf                                 0x08080789   Thumb Code     0  printfa.o(i.__0vsprintf)
    __ARM_fpclassify                         0x080807ad   Thumb Code    48  fpclassify.o(i.__ARM_fpclassify)
    __hardfp_sin                             0x080807e1   Thumb Code   180  sin.o(i.__hardfp_sin)
    __hardfp_sqrt                            0x080808a9   Thumb Code   122  sqrt.o(i.__hardfp_sqrt)
    __ieee754_rem_pio2                       0x08080929   Thumb Code   938  rred.o(i.__ieee754_rem_pio2)
    __kernel_cos                             0x08080d61   Thumb Code   322  cos_i.o(i.__kernel_cos)
    __kernel_poly                            0x08080ed1   Thumb Code   248  poly.o(i.__kernel_poly)
    __kernel_sin                             0x08080fc9   Thumb Code   280  sin_i.o(i.__kernel_sin)
    __mathlib_dbl_infnan                     0x080810f9   Thumb Code    20  dunder.o(i.__mathlib_dbl_infnan)
    __mathlib_dbl_invalid                    0x08081111   Thumb Code    24  dunder.o(i.__mathlib_dbl_invalid)
    __mathlib_dbl_underflow                  0x08081131   Thumb Code    24  dunder.o(i.__mathlib_dbl_underflow)
    __set_errno                              0x08081151   Thumb Code     6  errno.o(i.__set_errno)
    _is_digit                                0x080812e1   Thumb Code    14  scanf_fp.o(i._is_digit)
    fabs                                     0x08081a01   Thumb Code    24  fabs.o(i.fabs)
    malloc                                   0x08081a19   Thumb Code    92  malloc.o(i.malloc)
    asc2_1206                                0x08081a8e   Data        1140  lcd.o(.constdata)
    asc2_1608                                0x08081f02   Data        1520  lcd.o(.constdata)
    asc2_2412                                0x080824f2   Data        3420  lcd.o(.constdata)
    FT5206_TPX_TBL                           0x0808324e   Data          10  ft5206.o(.constdata)
    TP_REMIND_MSG_TBL                        0x08083258   Data           4  touch.o(.constdata)
    FSMC_DefaultTimingStruct                 0x0808325c   Data          28  stm32f4xx_fsmc.o(.constdata)
    lv_obj_class                             0x08083278   Data          28  lv_obj.o(.constdata)
    _lv_bpp1_opa_table                       0x0808329c   Data           2  lv_draw_label.o(.constdata)
    _lv_bpp2_opa_table                       0x0808329e   Data           4  lv_draw_label.o(.constdata)
    _lv_bpp4_opa_table                       0x080832a2   Data          16  lv_draw_label.o(.constdata)
    _lv_bpp8_opa_table                       0x080832b2   Data         256  lv_draw_label.o(.constdata)
    lv_calendar_class                        0x080833ec   Data          28  lv_calendar.o(.constdata)
    lv_calendar_header_arrow_class           0x08083408   Data          28  lv_calendar_header_arrow.o(.constdata)
    lv_calendar_header_dropdown_class        0x08083424   Data          28  lv_calendar_header_dropdown.o(.constdata)
    lv_chart_class                           0x08083440   Data          28  lv_chart.o(.constdata)
    lv_keyboard_class                        0x0808345c   Data          28  lv_keyboard.o(.constdata)
    lv_colorwheel_class                      0x080837f0   Data          28  lv_colorwheel.o(.constdata)
    lv_led_class                             0x0808380c   Data          28  lv_led.o(.constdata)
    lv_list_class                            0x08083828   Data          28  lv_list.o(.constdata)
    lv_list_btn_class                        0x08083844   Data          28  lv_list.o(.constdata)
    lv_list_text_class                       0x08083860   Data          28  lv_list.o(.constdata)
    lv_meter_class                           0x0808387c   Data          28  lv_meter.o(.constdata)
    lv_msgbox_class                          0x08083898   Data          28  lv_msgbox.o(.constdata)
    lv_msgbox_content_class                  0x080838b4   Data          28  lv_msgbox.o(.constdata)
    lv_msgbox_backdrop_class                 0x080838d0   Data          28  lv_msgbox.o(.constdata)
    lv_spinbox_class                         0x080838ec   Data          28  lv_spinbox.o(.constdata)
    lv_spinner_class                         0x08083908   Data          28  lv_spinner.o(.constdata)
    lv_tabview_class                         0x08083924   Data          28  lv_tabview.o(.constdata)
    lv_tileview_class                        0x08083940   Data          28  lv_tileview.o(.constdata)
    lv_tileview_tile_class                   0x0808395c   Data          28  lv_tileview.o(.constdata)
    lv_win_class                             0x08083978   Data          28  lv_win.o(.constdata)
    lv_font_montserrat_14                    0x08086ebc   Data          24  lv_font_montserrat_14.o(.constdata)
    lv_font_montserrat_18                    0x0808b904   Data          24  lv_font_montserrat_18.o(.constdata)
    lv_arc_class                             0x0808bb50   Data          28  lv_arc.o(.constdata)
    lv_bar_class                             0x0808bb6c   Data          28  lv_bar.o(.constdata)
    lv_btn_class                             0x0808bb88   Data          28  lv_btn.o(.constdata)
    lv_btnmatrix_class                       0x0808bba4   Data          28  lv_btnmatrix.o(.constdata)
    lv_checkbox_class                        0x0808bbc0   Data          28  lv_checkbox.o(.constdata)
    lv_dropdown_class                        0x0808bbdc   Data          28  lv_dropdown.o(.constdata)
    lv_dropdownlist_class                    0x0808bbf8   Data          28  lv_dropdown.o(.constdata)
    lv_img_class                             0x0808bc14   Data          28  lv_img.o(.constdata)
    lv_label_class                           0x0808bc30   Data          28  lv_label.o(.constdata)
    lv_line_class                            0x0808bc4c   Data          28  lv_line.o(.constdata)
    lv_roller_class                          0x0808bc68   Data          28  lv_roller.o(.constdata)
    lv_roller_label_class                    0x0808bc84   Data          28  lv_roller.o(.constdata)
    lv_slider_class                          0x0808bca0   Data          28  lv_slider.o(.constdata)
    lv_switch_class                          0x0808bcbc   Data          28  lv_switch.o(.constdata)
    lv_table_class                           0x0808bcd8   Data          28  lv_table.o(.constdata)
    lv_textarea_class                        0x0808bcf4   Data          28  lv_textarea.o(.constdata)
    arrow_rotate_right                       0x0808be0c   Data          24  arrow_rotate_right.o(.constdata)
    __ctype_categories                       0x0808bf48   Data          64  ctype_c.o(.constdata)
    k                                        0x20000010   Data           4  main.o(.data)
    addr                                     0x20000014   Data           4  main.o(.data)
    add                                      0x20000018   Data           4  main.o(.data)
    Angle_Data                               0x2000001c   Data           8  main.o(.data)
    U_D                                      0x20000024   Data           8  main.o(.data)
    State                                    0x2000002c   Data          52  main.o(.data)
    SystemCoreClock                          0x20000060   Data           4  system_stm32f4xx.o(.data)
    AHBPrescTable                            0x20000064   Data          16  system_stm32f4xx.o(.data)
    POINT_COLOR                              0x20000074   Data           2  lcd.o(.data)
    BACK_COLOR                               0x20000076   Data           2  lcd.o(.data)
    CMD_RDX                                  0x2000007c   Data           1  touch.o(.data)
    CMD_RDY                                  0x2000007d   Data           1  touch.o(.data)
    tp_dev                                   0x20000080   Data          52  touch.o(.data)
    WWDG_CNT                                 0x200000b4   Data           1  wwdg.o(.data)
    addr_sp                                  0x200000b8   Data           4  wwdg.o(.data)
    usart_switch                             0x200000c0   Data           1  usart.o(.data)
    Uart_len                                 0x200000c2   Data           2  usart.o(.data)
    uart_flag                                0x200000c4   Data           2  usart.o(.data)
    USART_RX_STA                             0x200000c6   Data           2  usart.o(.data)
    __stdout                                 0x200000c8   Data           4  usart.o(.data)
    Touch_active_flag                        0x200000dc   Data           1  lv_port_indev.o(.data)
    LV_STYLE_FLEX_FLOW                       0x20000224   Data           2  lv_flex.o(.data)
    LV_STYLE_FLEX_MAIN_PLACE                 0x20000226   Data           2  lv_flex.o(.data)
    LV_STYLE_FLEX_CROSS_PLACE                0x20000228   Data           2  lv_flex.o(.data)
    LV_STYLE_FLEX_TRACK_PLACE                0x2000022a   Data           2  lv_flex.o(.data)
    LV_STYLE_FLEX_GROW                       0x2000022c   Data           2  lv_flex.o(.data)
    LV_LAYOUT_FLEX                           0x20000230   Data           4  lv_flex.o(.data)
    LV_STYLE_GRID_COLUMN_DSC_ARRAY           0x20000234   Data           2  lv_grid.o(.data)
    LV_STYLE_GRID_COLUMN_ALIGN               0x20000236   Data           2  lv_grid.o(.data)
    LV_STYLE_GRID_ROW_DSC_ARRAY              0x20000238   Data           2  lv_grid.o(.data)
    LV_STYLE_GRID_ROW_ALIGN                  0x2000023a   Data           2  lv_grid.o(.data)
    LV_STYLE_GRID_CELL_COLUMN_POS            0x2000023c   Data           2  lv_grid.o(.data)
    LV_STYLE_GRID_CELL_COLUMN_SPAN           0x2000023e   Data           2  lv_grid.o(.data)
    LV_STYLE_GRID_CELL_X_ALIGN               0x20000240   Data           2  lv_grid.o(.data)
    LV_STYLE_GRID_CELL_ROW_POS               0x20000242   Data           2  lv_grid.o(.data)
    LV_STYLE_GRID_CELL_ROW_SPAN              0x20000244   Data           2  lv_grid.o(.data)
    LV_STYLE_GRID_CELL_Y_ALIGN               0x20000246   Data           2  lv_grid.o(.data)
    LV_LAYOUT_GRID                           0x20000248   Data           4  lv_grid.o(.data)
    my_lv_time                               0x20000278   Data           4  lv_hal_tick.o(.data)
    _lv_layout_list                          0x20000288   Data           4  lv_gc.o(.data)
    _lv_timer_act                            0x2000028c   Data           4  lv_gc.o(.data)
    _lv_theme_default_styles                 0x20000290   Data           4  lv_gc.o(.data)
    _lv_txt_encoded_size                     0x200002b8   Data           4  lv_txt.o(.data)
    _lv_txt_encoded_next                     0x200002bc   Data           4  lv_txt.o(.data)
    _lv_txt_encoded_get_byte_id              0x200002c0   Data           4  lv_txt.o(.data)
    _lv_txt_unicode_to_encoded               0x200002c4   Data           4  lv_txt.o(.data)
    _lv_txt_encoded_prev                     0x200002c8   Data           4  lv_txt.o(.data)
    _lv_txt_encoded_get_char_id              0x200002cc   Data           4  lv_txt.o(.data)
    _lv_txt_get_encoded_length               0x200002d0   Data           4  lv_txt.o(.data)
    Set_time                                 0x200002f4   Data           2  gui.o(.data)
    Dropdown_mode                            0x200002f6   Data           2  gui.o(.data)
    time_lable                               0x200002fc   Data           4  gui.o(.data)
    time_box                                 0x20000300   Data           4  gui.o(.data)
    dropdown_1                               0x20000304   Data           4  gui.o(.data)
    label_F                                  0x20000308   Data           4  gui.o(.data)
    label_V                                  0x2000030c   Data           4  gui.o(.data)
    dropdown_F_V                             0x20000310   Data           4  gui.o(.data)
    dropdown_V                               0x20000314   Data           4  gui.o(.data)
    rotate_dir_buttum                        0x20000318   Data           4  gui.o(.data)
    lable_start                              0x2000031c   Data           4  gui.o(.data)
    btn_start                                0x20000320   Data           4  gui.o(.data)
    INC_manual_timer                         0x20000334   Data           8  gui.o(.data)
    Table_Choose                             0x2000033c   Data           2  mytask.o(.data)
    Task_strat                               0x20000340   Data           4  mytask.o(.data)
    table_box                                0x20000344   Data           4  mytask.o(.data)
    sin_time                                 0x2000035c   Data           4  slave_motor.o(.data)
    sin_data                                 0x2000036c   Data           4  slave_motor.o(.data)
    Out_Put_data                             0x20000370   Data           8  slave_motor.o(.data)
    tempb                                    0x20000378   Data           8  slave_motor.o(.data)
    tempc                                    0x20000380   Data           8  slave_motor.o(.data)
    cam_timer                                0x200003a8   Data           8  motor_control.o(.data)
    __microlib_freelist                      0x200003b0   Data           4  mvars.o(.data)
    __microlib_freelist_initialised          0x200003b4   Data           4  mvars.o(.data)
    lcddev                                   0x200003bc   Data          14  lcd.o(.bss)
    DataScope_OutPut_Buffer                  0x200003d0   Data          42  datascope_dp.o(.bss)
    Data_input                               0x20000400   Data          80  datascope_dp.o(.bss)
    USART_RX_BUF                             0x20000650   Data         200  usart.o(.bss)
    _lv_timer_ll                             0x200131c8   Data          12  lv_gc.o(.bss)
    _lv_disp_ll                              0x200131d4   Data          12  lv_gc.o(.bss)
    _lv_indev_ll                             0x200131e0   Data          12  lv_gc.o(.bss)
    _lv_fsdrv_ll                             0x200131ec   Data          12  lv_gc.o(.bss)
    _lv_anim_ll                              0x200131f8   Data          12  lv_gc.o(.bss)
    _lv_group_ll                             0x20013204   Data          12  lv_gc.o(.bss)
    _lv_img_decoder_ll                       0x20013210   Data          12  lv_gc.o(.bss)
    _lv_obj_style_trans_ll                   0x2001321c   Data          12  lv_gc.o(.bss)
    _lv_img_cache_single                     0x20013228   Data          44  lv_gc.o(.bss)
    lv_mem_buf                               0x20013254   Data         128  lv_gc.o(.bss)
    _lv_circle_cache                         0x200132d4   Data         112  lv_gc.o(.bss)
    _lv_draw_mask_list                       0x20013344   Data         128  lv_gc.o(.bss)
    __heap_base                              0x2001b438   Data           0  startup_stm32f40_41xxx.o(HEAP)
    __heap_limit                             0x2001b638   Data           0  startup_stm32f40_41xxx.o(HEAP)
    __initial_sp                             0x2001be38   Data           0  startup_stm32f40_41xxx.o(STACK)



==============================================================================

Memory Map of the image

  Image Entry point : 0x08000189

  Load Region LR_IROM1 (Base: 0x08000000, Size: 0x00001d30, Max: 0x00050000, ABSOLUTE, COMPRESSED[0x00001a68])

    Execution Region ER_IROM1 (Exec base: 0x08000000, Load base: 0x08000000, Size: 0x00001974, Max: 0x00050000, ABSOLUTE)

    Exec Addr    Load Addr    Size         Type   Attr      Idx    E Section Name        Object

    0x08000000   0x08000000   0x00000188   Data   RO         1410    RESET               startup_stm32f40_41xxx.o
    0x08000188   0x08000188   0x00000000   Code   RO        17555  * .ARM.Collect$$$$00000000  mc_w.l(entry.o)
    0x08000188   0x08000188   0x00000004   Code   RO        17923    .ARM.Collect$$$$00000001  mc_w.l(entry2.o)
    0x0800018c   0x0800018c   0x00000004   Code   RO        17926    .ARM.Collect$$$$00000004  mc_w.l(entry5.o)
    0x08000190   0x08000190   0x00000000   Code   RO        17928    .ARM.Collect$$$$00000008  mc_w.l(entry7b.o)
    0x08000190   0x08000190   0x00000000   Code   RO        17930    .ARM.Collect$$$$0000000A  mc_w.l(entry8b.o)
    0x08000190   0x08000190   0x00000008   Code   RO        17931    .ARM.Collect$$$$0000000B  mc_w.l(entry9a.o)
    0x08000198   0x08000198   0x00000004   Code   RO        17938    .ARM.Collect$$$$0000000E  mc_w.l(entry12b.o)
    0x0800019c   0x0800019c   0x00000000   Code   RO        17933    .ARM.Collect$$$$0000000F  mc_w.l(entry10a.o)
    0x0800019c   0x0800019c   0x00000000   Code   RO        17935    .ARM.Collect$$$$00000011  mc_w.l(entry11a.o)
    0x0800019c   0x0800019c   0x00000004   Code   RO        17924    .ARM.Collect$$$$00002712  mc_w.l(entry2.o)
    0x080001a0   0x080001a0   0x00000024   Code   RO         1411    .text               startup_stm32f40_41xxx.o
    0x080001c4   0x080001c4   0x00000b80   Code   RO        17093    .text               slave_motor.o
    0x08000d44   0x08000d44   0x000008a8   Code   RO        17498    .text               motor_control.o
    0x080015ec   0x080015ec   0x00000024   Code   RO        17991    .text               mc_w.l(init.o)
    0x08001610   0x08001610   0x0000000e   Code   RO        18008    i.__scatterload_copy  mc_w.l(handlers.o)
    0x0800161e   0x0800161e   0x00000002   Code   RO        18009    i.__scatterload_null  mc_w.l(handlers.o)
    0x08001620   0x08001620   0x0000000e   Code   RO        18010    i.__scatterload_zeroinit  mc_w.l(handlers.o)
    0x0800162e   0x0800162e   0x00000002   PAD
    0x08001630   0x08001630   0x00000324   Data   RO        17094    .constdata          slave_motor.o
    0x08001954   0x08001954   0x00000020   Data   RO        18006    Region$$Table       anon$$obj.o


    Execution Region RW_IRAM1 (Exec base: 0x20000000, Load base: 0x08001974, Size: 0x0001be38, Max: 0x00020000, ABSOLUTE, COMPRESSED[0x000000f4])

    Exec Addr    Load Addr    Size         Type   Attr      Idx    E Section Name        Object

    0x20000000   COMPRESSED   0x00000060   Data   RW            6    .data               main.o
    0x20000060   COMPRESSED   0x00000014   Data   RW          699    .data               system_stm32f4xx.o
    0x20000074   COMPRESSED   0x00000004   Data   RW          766    .data               lcd.o
    0x20000078   COMPRESSED   0x00000001   Data   RW          807    .data               key.o
    0x20000079   COMPRESSED   0x00000001   Data   RW          873    .data               ft5206.o
    0x2000007a   COMPRESSED   0x00000002   PAD
    0x2000007c   COMPRESSED   0x00000038   Data   RW          906    .data               touch.o
    0x200000b4   COMPRESSED   0x00000008   Data   RW         1312    .data               wwdg.o
    0x200000bc   COMPRESSED   0x00000004   Data   RW         1339    .data               delay.o
    0x200000c0   COMPRESSED   0x00000008   Data   RW         1380    .data               usart.o
    0x200000c8   COMPRESSED   0x00000004   Data   RW         1381    .data               usart.o
    0x200000cc   COMPRESSED   0x00000010   Data   RW         1481    .data               stm32f4xx_rcc.o
    0x200000dc   COMPRESSED   0x00000016   Data   RW         2022    .data               lv_port_indev.o
    0x200000f2   COMPRESSED   0x00000002   PAD
    0x200000f4   COMPRESSED   0x00000008   Data   RW         2214    .data               lv_event.o
    0x200000fc   COMPRESSED   0x00000004   Data   RW         2339    .data               lv_group.o
    0x20000100   COMPRESSED   0x0000000c   Data   RW         2494    .data               lv_indev.o
    0x2000010c   COMPRESSED   0x00000008   Data   RW         2637    .data               lv_obj.o
    0x20000114   COMPRESSED   0x00000008   Data   RW         2891    .data               lv_obj_pos.o
    0x2000011c   COMPRESSED   0x00000001   Data   RW         3089    .data               lv_obj_style.o
    0x2000011d   COMPRESSED   0x00000003   PAD
    0x20000120   COMPRESSED   0x00000020   Data   RW         3313    .data               lv_refr.o
    0x20000140   COMPRESSED   0x00000008   Data   RW         4101    .data               lv_draw_label.o
    0x20000148   COMPRESSED   0x00000020   Data   RW         5000    .data               lv_theme_default.o
    0x20000168   COMPRESSED   0x0000001c   Data   RW         6172    .data               lv_calendar.o
    0x20000184   COMPRESSED   0x00000030   Data   RW         6562    .data               lv_calendar_header_arrow.o
    0x200001b4   COMPRESSED   0x00000008   Data   RW         6747    .data               lv_calendar_header_dropdown.o
    0x200001bc   COMPRESSED   0x00000048   Data   RW         7644    .data               lv_keyboard.o
    0x20000204   COMPRESSED   0x00000006   Data   RW         7820    .data               lv_colorwheel.o
    0x2000020a   COMPRESSED   0x00000002   PAD
    0x2000020c   COMPRESSED   0x00000008   Data   RW        10333    .data               lv_spinner.o
    0x20000214   COMPRESSED   0x00000004   Data   RW        10721    .data               lv_tabview.o
    0x20000218   COMPRESSED   0x0000000c   Data   RW        11110    .data               lv_tileview.o
    0x20000224   COMPRESSED   0x00000010   Data   RW        11659    .data               lv_flex.o
    0x20000234   COMPRESSED   0x00000018   Data   RW        11830    .data               lv_grid.o
    0x2000024c   COMPRESSED   0x00000002   Data   RW        12002    .data               lv_win.o
    0x2000024e   COMPRESSED   0x00000002   PAD
    0x20000250   COMPRESSED   0x00000008   Data   RW        13329    .data               lv_font_montserrat_14.o
    0x20000258   COMPRESSED   0x00000008   Data   RW        13548    .data               lv_font_montserrat_18.o
    0x20000260   COMPRESSED   0x00000010   Data   RW        13866    .data               lv_hal_disp.o
    0x20000270   COMPRESSED   0x0000000c   Data   RW        14172    .data               lv_hal_tick.o
    0x2000027c   COMPRESSED   0x0000000c   Data   RW        14200    .data               lv_anim.o
    0x20000288   COMPRESSED   0x0000000c   Data   RW        14408    .data               lv_gc.o
    0x20000294   COMPRESSED   0x00000004   Data   RW        14452    .data               lv_math.o
    0x20000298   COMPRESSED   0x00000008   Data   RW        14467    .data               lv_mem.o
    0x200002a0   COMPRESSED   0x00000002   Data   RW        14497    .data               lv_style.o
    0x200002a2   COMPRESSED   0x00000002   PAD
    0x200002a4   COMPRESSED   0x00000014   Data   RW        14559    .data               lv_timer.o
    0x200002b8   COMPRESSED   0x0000000c   Data   RW        14587    .data               lv_txt.o
    0x200002c4   COMPRESSED   0x00000004   Data   RW        14588    .data               lv_txt.o
    0x200002c8   COMPRESSED   0x00000004   Data   RW        14590    .data               lv_txt.o
    0x200002cc   COMPRESSED   0x00000004   Data   RW        14591    .data               lv_txt.o
    0x200002d0   COMPRESSED   0x00000004   Data   RW        14592    .data               lv_txt.o
    0x200002d4   COMPRESSED   0x0000001c   Data   RW        14994    .data               lv_btnmatrix.o
    0x200002f0   COMPRESSED   0x00000004   Data   RW        15931    .data               lv_textarea.o
    0x200002f4   COMPRESSED   0x00000048   Data   RW        16031    .data               gui.o
    0x2000033c   COMPRESSED   0x0000000c   Data   RW        16454    .data               mytask.o
    0x20000348   COMPRESSED   0x00000008   Data   RW        16709    .data               arrow_rotate_right.o
    0x20000350   COMPRESSED   0x00000038   Data   RW        17095    .data               slave_motor.o
    0x20000388   COMPRESSED   0x00000028   Data   RW        17500    .data               motor_control.o
    0x200003b0   COMPRESSED   0x00000004   Data   RW        17945    .data               mc_w.l(mvars.o)
    0x200003b4   COMPRESSED   0x00000004   Data   RW        17946    .data               mc_w.l(mvars.o)
    0x200003b8   COMPRESSED   0x00000004   Data   RW        17950    .data               mc_w.l(errno.o)
    0x200003bc        -       0x0000000e   Zero   RW          764    .bss                lcd.o
    0x200003ca   COMPRESSED   0x00000006   PAD
    0x200003d0        -       0x00000080   Zero   RW         1285    .bss                datascope_dp.o
    0x20000450        -       0x000002c8   Zero   RW         1379    .bss                usart.o
    0x20000718        -       0x00012944   Zero   RW         1624    .bss                lv_port_disp.o
    0x2001305c        -       0x00000020   Zero   RW         2021    .bss                lv_port_indev.o
    0x2001307c        -       0x00000100   Zero   RW         4098    .bss                lv_draw_label.o
    0x2001317c        -       0x0000004c   Zero   RW         4998    .bss                lv_theme_default.o
    0x200131c8        -       0x000001fc   Zero   RW        14407    .bss                lv_gc.o
    0x200133c4        -       0x00008000   Zero   RW        14466    .bss                lv_mem.o
    0x2001b3c4        -       0x00000074   Zero   RW        17499    .bss                motor_control.o
    0x2001b438        -       0x00000200   Zero   RW         1409    HEAP                startup_stm32f40_41xxx.o
    0x2001b638        -       0x00000800   Zero   RW         1408    STACK               startup_stm32f40_41xxx.o



  Load Region LR_IROM2 (Base: 0x08050000, Size: 0x0003c53c, Max: 0x00150000, ABSOLUTE)

    Execution Region ER_IROM2 (Exec base: 0x08050000, Load base: 0x08050000, Size: 0x0003c53c, Max: 0x00150000, ABSOLUTE)

    Exec Addr    Load Addr    Size         Type   Attr      Idx    E Section Name        Object

    0x08050000   0x08050000   0x00000014   Code   RO         1360    .emb_text           sys.o
    0x08050014   0x08050014   0x000006c8   Code   RO            3    .text               main.o
    0x080506dc   0x080506dc   0x00000010   Code   RO          601    .text               stm32f4xx_it.o
    0x080506ec   0x080506ec   0x0000017c   Code   RO          698    .text               system_stm32f4xx.o
    0x08050868   0x08050868   0x000000a0   Code   RO          724    .text               led.o
    0x08050908   0x08050908   0x000045d4   Code   RO          763    .text               lcd.o
    0x08054edc   0x08054edc   0x00000120   Code   RO          806    .text               key.o
    0x08054ffc   0x08054ffc   0x0000024c   Code   RO          847    .text               ctiic.o
    0x08055248   0x08055248   0x00000240   Code   RO          871    .text               ft5206.o
    0x08055488   0x08055488   0x000009e0   Code   RO          903    .text               touch.o
    0x08055e68   0x08055e68   0x000000d0   Code   RO          939    .text               timer.o
    0x08055f38   0x08055f38   0x000002e0   Code   RO         1241    .text               sram.o
    0x08056218   0x08056218   0x0000029c   Code   RO         1284    .text               datascope_dp.o
    0x080564b4   0x080564b4   0x00000090   Code   RO         1311    .text               wwdg.o
    0x08056544   0x08056544   0x000000b8   Code   RO         1338    .text               delay.o
    0x080565fc   0x080565fc   0x00000388   Code   RO         1378    .text               usart.o
    0x08056984   0x08056984   0x000000b0   Code   RO         1417    .text               misc.o
    0x08056a34   0x08056a34   0x0000020c   Code   RO         1437    .text               stm32f4xx_gpio.o
    0x08056c40   0x08056c40   0x00000448   Code   RO         1457    .text               stm32f4xx_fsmc.o
    0x08057088   0x08057088   0x00000480   Code   RO         1480    .text               stm32f4xx_rcc.o
    0x08057508   0x08057508   0x00000358   Code   RO         1522    .text               stm32f4xx_usart.o
    0x08057860   0x08057860   0x000009dc   Code   RO         1542    .text               stm32f4xx_tim.o
    0x0805823c   0x0805823c   0x00000320   Code   RO         1583    .text               stm32f4xx_dma.o
    0x0805855c   0x0805855c   0x00000080   Code   RO         1603    .text               stm32f4xx_wwdg.o
    0x080585dc   0x080585dc   0x00000064   Code   RO         1623    .text               lv_port_disp.o
    0x08058640   0x08058640   0x000000d0   Code   RO         2020    .text               lv_port_indev.o
    0x08058710   0x08058710   0x00000490   Code   RO         2046    .text               lv_disp.o
    0x08058ba0   0x08058ba0   0x00000460   Code   RO         2213    .text               lv_event.o
    0x08059000   0x08059000   0x00000504   Code   RO         2338    .text               lv_group.o
    0x08059504   0x08059504   0x00000cdc   Code   RO         2493    .text               lv_indev.o
    0x0805a1e0   0x0805a1e0   0x00000ac8   Code   RO         2552    .text               lv_indev_scroll.o
    0x0805aca8   0x0805aca8   0x00000d54   Code   RO         2635    .text               lv_obj.o
    0x0805b9fc   0x0805b9fc   0x000001c8   Code   RO         2738    .text               lv_obj_class.o
    0x0805bbc4   0x0805bbc4   0x000006b8   Code   RO         2750    .text               lv_obj_draw.o
    0x0805c27c   0x0805c27c   0x0000132e   Code   RO         2889    .text               lv_obj_pos.o
    0x0805d5aa   0x0805d5aa   0x00000002   PAD
    0x0805d5ac   0x0805d5ac   0x0000101e   Code   RO         2986    .text               lv_obj_scroll.o
    0x0805e5ca   0x0805e5ca   0x00000002   PAD
    0x0805e5cc   0x0805e5cc   0x00000dc8   Code   RO         3088    .text               lv_obj_style.o
    0x0805f394   0x0805f394   0x000004fc   Code   RO         3186    .text               lv_obj_style_gen.o
    0x0805f890   0x0805f890   0x000004ea   Code   RO         3231    .text               lv_obj_tree.o
    0x0805fd7a   0x0805fd7a   0x00000002   PAD
    0x0805fd7c   0x0805fd7c   0x00000cd8   Code   RO         3312    .text               lv_refr.o
    0x08060a54   0x08060a54   0x000000d4   Code   RO         3418    .text               lv_theme.o
    0x08060b28   0x08060b28   0x00000d58   Code   RO         3804    .text               lv_draw_arc.o
    0x08061880   0x08061880   0x00000e78   Code   RO         3887    .text               lv_draw_blend.o
    0x080626f8   0x080626f8   0x00000854   Code   RO         4001    .text               lv_draw_img.o
    0x08062f4c   0x08062f4c   0x00000910   Code   RO         4097    .text               lv_draw_label.o
    0x0806385c   0x0806385c   0x00000936   Code   RO         4197    .text               lv_draw_line.o
    0x08064192   0x08064192   0x00000002   PAD
    0x08064194   0x08064194   0x0000124c   Code   RO         4297    .text               lv_draw_mask.o
    0x080653e0   0x080653e0   0x00001d20   Code   RO         4344    .text               lv_draw_rect.o
    0x08067100   0x08067100   0x00000c66   Code   RO         4467    .text               lv_img_buf.o
    0x08067d66   0x08067d66   0x00000002   PAD
    0x08067d68   0x08067d68   0x00000058   Code   RO         4497    .text               lv_img_cache.o
    0x08067dc0   0x08067dc0   0x000007bc   Code   RO         4538    .text               lv_img_decoder.o
    0x0806857c   0x0806857c   0x00001fe4   Code   RO         4997    .text               lv_theme_default.o
    0x0806a560   0x0806a560   0x000004d8   Code   RO         6169    .text               lv_calendar.o
    0x0806aa38   0x0806aa38   0x000001b8   Code   RO         6559    .text               lv_calendar_header_arrow.o
    0x0806abf0   0x0806abf0   0x00000154   Code   RO         6744    .text               lv_calendar_header_dropdown.o
    0x0806ad44   0x0806ad44   0x00001f9c   Code   RO         6855    .text               lv_chart.o
    0x0806cce0   0x0806cce0   0x00000378   Code   RO         7630    .text               lv_keyboard.o
    0x0806d058   0x0806d058   0x00000a6a   Code   RO         7818    .text               lv_colorwheel.o
    0x0806dac2   0x0806dac2   0x00000002   PAD
    0x0806dac4   0x0806dac4   0x00000320   Code   RO         8207    .text               lv_led.o
    0x0806dde4   0x0806dde4   0x00000cfc   Code   RO         8780    .text               lv_meter.o
    0x0806eae0   0x0806eae0   0x000004a0   Code   RO         9943    .text               lv_spinbox.o
    0x0806ef80   0x0806ef80   0x000000a8   Code   RO        10331    .text               lv_spinner.o
    0x0806f028   0x0806f028   0x0000042a   Code   RO        10719    .text               lv_tabview.o
    0x0806f452   0x0806f452   0x00000002   PAD
    0x0806f454   0x0806f454   0x00000218   Code   RO        11108    .text               lv_tileview.o
    0x0806f66c   0x0806f66c   0x0000000e   Code   RO        11273    .text               lv_extra.o
    0x0806f67a   0x0806f67a   0x00000002   PAD
    0x0806f67c   0x0806f67c   0x00000ae8   Code   RO        11658    .text               lv_flex.o
    0x08070164   0x08070164   0x00000af8   Code   RO        11829    .text               lv_grid.o
    0x08070c5c   0x08070c5c   0x00000100   Code   RO        12000    .text               lv_win.o
    0x08070d5c   0x08070d5c   0x00000030   Code   RO        12802    .text               lv_font.o
    0x08070d8c   0x08070d8c   0x000002a8   Code   RO        13228    .text               lv_font_fmt_txt.o
    0x08071034   0x08071034   0x000007e4   Code   RO        13865    .text               lv_hal_disp.o
    0x08071818   0x08071818   0x000000c8   Code   RO        14038    .text               lv_hal_indev.o
    0x080718e0   0x080718e0   0x00000030   Code   RO        14171    .text               lv_hal_tick.o
    0x08071910   0x08071910   0x000004e8   Code   RO        14199    .text               lv_anim.o
    0x08071df8   0x08071df8   0x00000626   Code   RO        14297    .text               lv_area.o
    0x0807241e   0x0807241e   0x00000002   PAD
    0x08072420   0x08072420   0x0000004c   Code   RO        14313    .text               lv_async.o
    0x0807246c   0x0807246c   0x0000038c   Code   RO        14357    .text               lv_color.o
    0x080727f8   0x080727f8   0x000002f0   Code   RO        14374    .text               lv_fs.o
    0x08072ae8   0x08072ae8   0x000000a4   Code   RO        14406    .text               lv_gc.o
    0x08072b8c   0x08072b8c   0x000002b0   Code   RO        14431    .text               lv_ll.o
    0x08072e3c   0x08072e3c   0x000001d4   Code   RO        14450    .text               lv_math.o
    0x08073010   0x08073010   0x00000446   Code   RO        14465    .text               lv_mem.o
    0x08073456   0x08073456   0x00000002   PAD
    0x08073458   0x08073458   0x0000069c   Code   RO        14484    .text               lv_printf.o
    0x08073af4   0x08073af4   0x00000394   Code   RO        14496    .text               lv_style.o
    0x08073e88   0x08073e88   0x0000044a   Code   RO        14535    .text               lv_style_gen.o
    0x080742d2   0x080742d2   0x00000002   PAD
    0x080742d4   0x080742d4   0x00000214   Code   RO        14558    .text               lv_timer.o
    0x080744e8   0x080744e8   0x0000082e   Code   RO        14573    .text               lv_tlsf.o
    0x08074d16   0x08074d16   0x00000002   PAD
    0x08074d18   0x08074d18   0x000006c4   Code   RO        14586    .text               lv_txt.o
    0x080753dc   0x080753dc   0x00000048   Code   RO        14684    .text               lv_utils.o
    0x08075424   0x08075424   0x00000d0e   Code   RO        14699    .text               lv_arc.o
    0x08076132   0x08076132   0x00000002   PAD
    0x08076134   0x08076134   0x0000082c   Code   RO        14866    .text               lv_bar.o
    0x08076960   0x08076960   0x00000034   Code   RO        14967    .text               lv_btn.o
    0x08076994   0x08076994   0x00000fba   Code   RO        14991    .text               lv_btnmatrix.o
    0x0807794e   0x0807794e   0x00000002   PAD
    0x08077950   0x08077950   0x00000402   Code   RO        15167    .text               lv_checkbox.o
    0x08077d52   0x08077d52   0x00000002   PAD
    0x08077d54   0x08077d54   0x00000d98   Code   RO        15256    .text               lv_dropdown.o
    0x08078aec   0x08078aec   0x00000c5a   Code   RO        15359    .text               lv_img.o
    0x08079746   0x08079746   0x00000002   PAD
    0x08079748   0x08079748   0x0000106c   Code   RO        15448    .text               lv_label.o
    0x0807a7b4   0x0807a7b4   0x000001dc   Code   RO        15544    .text               lv_line.o
    0x0807a990   0x0807a990   0x00000a30   Code   RO        15569    .text               lv_roller.o
    0x0807b3c0   0x0807b3c0   0x00000792   Code   RO        15649    .text               lv_slider.o
    0x0807bb52   0x0807bb52   0x00000002   PAD
    0x0807bb54   0x0807bb54   0x0000035c   Code   RO        15753    .text               lv_switch.o
    0x0807beb0   0x0807beb0   0x00000e24   Code   RO        15833    .text               lv_table.o
    0x0807ccd4   0x0807ccd4   0x00001152   Code   RO        15929    .text               lv_textarea.o
    0x0807de26   0x0807de26   0x00000002   PAD
    0x0807de28   0x0807de28   0x00000b24   Code   RO        16029    .text               gui.o
    0x0807e94c   0x0807e94c   0x0000007e   Code   RO        16432    .text               list_c.o
    0x0807e9ca   0x0807e9ca   0x00000002   PAD
    0x0807e9cc   0x0807e9cc   0x00000a14   Code   RO        16450    .text               mytask.o
    0x0807f3e0   0x0807f3e0   0x00000062   Code   RO        17558    .text               mc_w.l(uldiv.o)
    0x0807f442   0x0807f442   0x00000040   Code   RO        17564    .text               mc_w.l(memmovea.o)
    0x0807f482   0x0807f482   0x00000024   Code   RO        17566    .text               mc_w.l(memseta.o)
    0x0807f4a6   0x0807f4a6   0x00000018   Code   RO        17568    .text               mc_w.l(strcat.o)
    0x0807f4be   0x0807f4be   0x0000000e   Code   RO        17572    .text               mc_w.l(strlen.o)
    0x0807f4cc   0x0807f4cc   0x0000001c   Code   RO        17574    .text               mc_w.l(strcmp.o)
    0x0807f4e8   0x0807f4e8   0x00000012   Code   RO        17578    .text               mc_w.l(strcpy.o)
    0x0807f4fa   0x0807f4fa   0x00000002   PAD
    0x0807f4fc   0x0807f4fc   0x00000030   Code   RO        17873    .text               mc_w.l(vsscanf.o)
    0x0807f52c   0x0807f52c   0x000000e4   Code   RO        17875    .text               mf_w.l(dmul.o)
    0x0807f610   0x0807f610   0x000000de   Code   RO        17877    .text               mf_w.l(ddiv.o)
    0x0807f6ee   0x0807f6ee   0x00000022   Code   RO        17879    .text               mf_w.l(dflti.o)
    0x0807f710   0x0807f710   0x0000001a   Code   RO        17881    .text               mf_w.l(dfltui.o)
    0x0807f72a   0x0807f72a   0x0000003e   Code   RO        17883    .text               mf_w.l(dfixi.o)
    0x0807f768   0x0807f768   0x00000032   Code   RO        17885    .text               mf_w.l(dfixui.o)
    0x0807f79a   0x0807f79a   0x00000026   Code   RO        17887    .text               mf_w.l(f2d.o)
    0x0807f7c0   0x0807f7c0   0x00000030   Code   RO        17889    .text               mf_w.l(cdcmple.o)
    0x0807f7f0   0x0807f7f0   0x00000030   Code   RO        17891    .text               mf_w.l(cdrcmple.o)
    0x0807f820   0x0807f820   0x00000038   Code   RO        17893    .text               mf_w.l(d2f.o)
    0x0807f858   0x0807f858   0x0000002c   Code   RO        17939    .text               mc_w.l(uidiv.o)
    0x0807f884   0x0807f884   0x0000001e   Code   RO        17941    .text               mc_w.l(llshl.o)
    0x0807f8a2   0x0807f8a2   0x00000020   Code   RO        17943    .text               mc_w.l(llushr.o)
    0x0807f8c2   0x0807f8c2   0x00000156   Code   RO        17954    .text               mc_w.l(_scanf_longlong.o)
    0x0807fa18   0x0807fa18   0x0000014c   Code   RO        17956    .text               mc_w.l(_scanf_int.o)
    0x0807fb64   0x0807fb64   0x000000e0   Code   RO        17958    .text               mc_w.l(_scanf_str.o)
    0x0807fc44   0x0807fc44   0x00000360   Code   RO        17960    .text               mc_w.l(scanf_fp.o)
    0x0807ffa4   0x0807ffa4   0x00000028   Code   RO        17964    .text               mc_w.l(scanf_char.o)
    0x0807ffcc   0x0807ffcc   0x00000040   Code   RO        17966    .text               mc_w.l(_sgetc.o)
    0x0808000c   0x0808000c   0x00000000   Code   RO        17968    .text               mc_w.l(iusefp.o)
    0x0808000c   0x0808000c   0x0000006e   Code   RO        17969    .text               mf_w.l(fepilogue.o)
    0x0808007a   0x0808007a   0x000000ba   Code   RO        17971    .text               mf_w.l(depilogue.o)
    0x08080134   0x08080134   0x0000014e   Code   RO        17973    .text               mf_w.l(dadd.o)
    0x08080282   0x08080282   0x000000a2   Code   RO        17977    .text               mf_w.l(dsqrt.o)
    0x08080324   0x08080324   0x00000030   Code   RO        17979    .text               mf_w.l(dfixul.o)
    0x08080354   0x08080354   0x00000024   Code   RO        17993    .text               mc_w.l(llsshr.o)
    0x08080378   0x08080378   0x0000000a   Code   RO        17995    .text               mc_w.l(isspace_c.o)
    0x08080382   0x08080382   0x0000001c   Code   RO        17997    .text               mc_w.l(_chval.o)
    0x0808039e   0x0808039e   0x00000002   PAD
    0x080803a0   0x080803a0   0x00000330   Code   RO        17999    .text               mc_w.l(_scanf.o)
    0x080806d0   0x080806d0   0x00000018   Code   RO        18001    .text               mf_w.l(dfltul.o)
    0x080806e8   0x080806e8   0x00000028   Code   RO        18003    .text               mc_w.l(ctype_c.o)
    0x08080710   0x08080710   0x00000056   Code   RO        18014    .text               mc_w.l(__dczerorl2.o)
    0x08080766   0x08080766   0x00000002   PAD
    0x08080768   0x08080768   0x00000020   Code   RO        17817    i.__0printf         mc_w.l(printfa.o)
    0x08080788   0x08080788   0x00000024   Code   RO        17823    i.__0vsprintf       mc_w.l(printfa.o)
    0x080807ac   0x080807ac   0x00000030   Code   RO        17987    i.__ARM_fpclassify  m_wm.l(fpclassify.o)
    0x080807dc   0x080807dc   0x00000004   PAD
    0x080807e0   0x080807e0   0x000000c8   Code   RO        17531    i.__hardfp_sin      m_wm.l(sin.o)
    0x080808a8   0x080808a8   0x0000007a   Code   RO        17543    i.__hardfp_sqrt     m_wm.l(sqrt.o)
    0x08080922   0x08080922   0x00000006   PAD
    0x08080928   0x08080928   0x00000438   Code   RO        17912    i.__ieee754_rem_pio2  m_wm.l(rred.o)
    0x08080d60   0x08080d60   0x00000170   Code   RO        17895    i.__kernel_cos      m_wm.l(cos_i.o)
    0x08080ed0   0x08080ed0   0x000000f8   Code   RO        17989    i.__kernel_poly     m_wm.l(poly.o)
    0x08080fc8   0x08080fc8   0x00000130   Code   RO        17917    i.__kernel_sin      m_wm.l(sin_i.o)
    0x080810f8   0x080810f8   0x00000014   Code   RO        17899    i.__mathlib_dbl_infnan  m_wm.l(dunder.o)
    0x0808110c   0x0808110c   0x00000004   PAD
    0x08081110   0x08081110   0x00000020   Code   RO        17901    i.__mathlib_dbl_invalid  m_wm.l(dunder.o)
    0x08081130   0x08081130   0x00000020   Code   RO        17904    i.__mathlib_dbl_underflow  m_wm.l(dunder.o)
    0x08081150   0x08081150   0x0000000c   Code   RO        17949    i.__set_errno       mc_w.l(errno.o)
    0x0808115c   0x0808115c   0x00000184   Code   RO        17824    i._fp_digits        mc_w.l(printfa.o)
    0x080812e0   0x080812e0   0x0000000e   Code   RO        17962    i._is_digit         mc_w.l(scanf_fp.o)
    0x080812ee   0x080812ee   0x00000002   PAD
    0x080812f0   0x080812f0   0x000006b4   Code   RO        17825    i._printf_core      mc_w.l(printfa.o)
    0x080819a4   0x080819a4   0x00000024   Code   RO        17826    i._printf_post_padding  mc_w.l(printfa.o)
    0x080819c8   0x080819c8   0x0000002e   Code   RO        17827    i._printf_pre_padding  mc_w.l(printfa.o)
    0x080819f6   0x080819f6   0x0000000a   Code   RO        17829    i._sputc            mc_w.l(printfa.o)
    0x08081a00   0x08081a00   0x00000018   Code   RO        17983    i.fabs              m_wm.l(fabs.o)
    0x08081a18   0x08081a18   0x0000006c   Code   RO        17846    i.malloc            mc_w.l(malloc.o)
    0x08081a84   0x08081a84   0x0000000a   Data   RO            5    .constdata          main.o
    0x08081a8e   0x08081a8e   0x000017c0   Data   RO          765    .constdata          lcd.o
    0x0808324e   0x0808324e   0x0000000a   Data   RO          872    .constdata          ft5206.o
    0x08083258   0x08083258   0x00000004   Data   RO          904    .constdata          touch.o
    0x0808325c   0x0808325c   0x0000001c   Data   RO         1458    .constdata          stm32f4xx_fsmc.o
    0x08083278   0x08083278   0x0000001c   Data   RO         2636    .constdata          lv_obj.o
    0x08083294   0x08083294   0x00000008   Data   RO         2890    .constdata          lv_obj_pos.o
    0x0808329c   0x0808329c   0x00000116   Data   RO         4099    .constdata          lv_draw_label.o
    0x080833b2   0x080833b2   0x00000021   Data   RO         4198    .constdata          lv_draw_line.o
    0x080833d3   0x080833d3   0x00000001   PAD
    0x080833d4   0x080833d4   0x00000016   Data   RO         4999    .constdata          lv_theme_default.o
    0x080833ea   0x080833ea   0x00000002   PAD
    0x080833ec   0x080833ec   0x0000001c   Data   RO         6170    .constdata          lv_calendar.o
    0x08083408   0x08083408   0x0000001c   Data   RO         6560    .constdata          lv_calendar_header_arrow.o
    0x08083424   0x08083424   0x0000001c   Data   RO         6745    .constdata          lv_calendar_header_dropdown.o
    0x08083440   0x08083440   0x0000001c   Data   RO         6856    .constdata          lv_chart.o
    0x0808345c   0x0808345c   0x0000001c   Data   RO         7631    .constdata          lv_keyboard.o
    0x08083478   0x08083478   0x000000b0   Data   RO         7632    .constdata          lv_keyboard.o
    0x08083528   0x08083528   0x00000050   Data   RO         7633    .constdata          lv_keyboard.o
    0x08083578   0x08083578   0x000000b0   Data   RO         7634    .constdata          lv_keyboard.o
    0x08083628   0x08083628   0x00000050   Data   RO         7635    .constdata          lv_keyboard.o
    0x08083678   0x08083678   0x000000b0   Data   RO         7636    .constdata          lv_keyboard.o
    0x08083728   0x08083728   0x00000050   Data   RO         7637    .constdata          lv_keyboard.o
    0x08083778   0x08083778   0x00000054   Data   RO         7638    .constdata          lv_keyboard.o
    0x080837cc   0x080837cc   0x00000022   Data   RO         7639    .constdata          lv_keyboard.o
    0x080837ee   0x080837ee   0x00000002   PAD
    0x080837f0   0x080837f0   0x0000001c   Data   RO         7819    .constdata          lv_colorwheel.o
    0x0808380c   0x0808380c   0x0000001c   Data   RO         8208    .constdata          lv_led.o
    0x08083828   0x08083828   0x00000054   Data   RO         8596    .constdata          lv_list.o
    0x0808387c   0x0808387c   0x0000001c   Data   RO         8781    .constdata          lv_meter.o
    0x08083898   0x08083898   0x00000054   Data   RO         9168    .constdata          lv_msgbox.o
    0x080838ec   0x080838ec   0x0000001c   Data   RO         9944    .constdata          lv_spinbox.o
    0x08083908   0x08083908   0x0000001c   Data   RO        10332    .constdata          lv_spinner.o
    0x08083924   0x08083924   0x0000001c   Data   RO        10720    .constdata          lv_tabview.o
    0x08083940   0x08083940   0x00000038   Data   RO        11109    .constdata          lv_tileview.o
    0x08083978   0x08083978   0x0000001c   Data   RO        12001    .constdata          lv_win.o
    0x08083994   0x08083994   0x00002280   Data   RO        13319    .constdata          lv_font_montserrat_14.o
    0x08085c14   0x08085c14   0x000004f0   Data   RO        13320    .constdata          lv_font_montserrat_14.o
    0x08086104   0x08086104   0x0000007c   Data   RO        13321    .constdata          lv_font_montserrat_14.o
    0x08086180   0x08086180   0x00000028   Data   RO        13322    .constdata          lv_font_montserrat_14.o
    0x080861a8   0x080861a8   0x0000009e   Data   RO        13323    .constdata          lv_font_montserrat_14.o
    0x08086246   0x08086246   0x0000009e   Data   RO        13324    .constdata          lv_font_montserrat_14.o
    0x080862e4   0x080862e4   0x00000bad   Data   RO        13325    .constdata          lv_font_montserrat_14.o
    0x08086e91   0x08086e91   0x00000003   PAD
    0x08086e94   0x08086e94   0x00000010   Data   RO        13326    .constdata          lv_font_montserrat_14.o
    0x08086ea4   0x08086ea4   0x00000018   Data   RO        13327    .constdata          lv_font_montserrat_14.o
    0x08086ebc   0x08086ebc   0x00000018   Data   RO        13328    .constdata          lv_font_montserrat_14.o
    0x08086ed4   0x08086ed4   0x00003785   Data   RO        13538    .constdata          lv_font_montserrat_18.o
    0x0808a659   0x0808a659   0x00000003   PAD
    0x0808a65c   0x0808a65c   0x000004f0   Data   RO        13539    .constdata          lv_font_montserrat_18.o
    0x0808ab4c   0x0808ab4c   0x0000007c   Data   RO        13540    .constdata          lv_font_montserrat_18.o
    0x0808abc8   0x0808abc8   0x00000028   Data   RO        13541    .constdata          lv_font_montserrat_18.o
    0x0808abf0   0x0808abf0   0x0000009e   Data   RO        13542    .constdata          lv_font_montserrat_18.o
    0x0808ac8e   0x0808ac8e   0x0000009e   Data   RO        13543    .constdata          lv_font_montserrat_18.o
    0x0808ad2c   0x0808ad2c   0x00000bad   Data   RO        13544    .constdata          lv_font_montserrat_18.o
    0x0808b8d9   0x0808b8d9   0x00000003   PAD
    0x0808b8dc   0x0808b8dc   0x00000010   Data   RO        13545    .constdata          lv_font_montserrat_18.o
    0x0808b8ec   0x0808b8ec   0x00000018   Data   RO        13546    .constdata          lv_font_montserrat_18.o
    0x0808b904   0x0808b904   0x00000018   Data   RO        13547    .constdata          lv_font_montserrat_18.o
    0x0808b91c   0x0808b91c   0x0000017c   Data   RO        14358    .constdata          lv_color.o
    0x0808ba98   0x0808ba98   0x000000b6   Data   RO        14451    .constdata          lv_math.o
    0x0808bb4e   0x0808bb4e   0x00000002   PAD
    0x0808bb50   0x0808bb50   0x0000001c   Data   RO        14700    .constdata          lv_arc.o
    0x0808bb6c   0x0808bb6c   0x0000001c   Data   RO        14867    .constdata          lv_bar.o
    0x0808bb88   0x0808bb88   0x0000001c   Data   RO        14968    .constdata          lv_btn.o
    0x0808bba4   0x0808bba4   0x0000001c   Data   RO        14992    .constdata          lv_btnmatrix.o
    0x0808bbc0   0x0808bbc0   0x0000001c   Data   RO        15168    .constdata          lv_checkbox.o
    0x0808bbdc   0x0808bbdc   0x00000038   Data   RO        15257    .constdata          lv_dropdown.o
    0x0808bc14   0x0808bc14   0x0000001c   Data   RO        15360    .constdata          lv_img.o
    0x0808bc30   0x0808bc30   0x0000001c   Data   RO        15449    .constdata          lv_label.o
    0x0808bc4c   0x0808bc4c   0x0000001c   Data   RO        15545    .constdata          lv_line.o
    0x0808bc68   0x0808bc68   0x00000038   Data   RO        15570    .constdata          lv_roller.o
    0x0808bca0   0x0808bca0   0x0000001c   Data   RO        15650    .constdata          lv_slider.o
    0x0808bcbc   0x0808bcbc   0x0000001c   Data   RO        15754    .constdata          lv_switch.o
    0x0808bcd8   0x0808bcd8   0x0000001c   Data   RO        15834    .constdata          lv_table.o
    0x0808bcf4   0x0808bcf4   0x0000001c   Data   RO        15930    .constdata          lv_textarea.o
    0x0808bd10   0x0808bd10   0x0000002c   Data   RO        16452    .constdata          mytask.o
    0x0808bd3c   0x0808bd3c   0x00000086   Data   RO        16703    .constdata          arrow_rotate_right.o
    0x0808bdc2   0x0808bdc2   0x00000002   PAD
    0x0808bdc4   0x0808bdc4   0x00000018   Data   RO        16704    .constdata          arrow_rotate_right.o
    0x0808bddc   0x0808bddc   0x00000004   Data   RO        16705    .constdata          arrow_rotate_right.o
    0x0808bde0   0x0808bde0   0x00000014   Data   RO        16706    .constdata          arrow_rotate_right.o
    0x0808bdf4   0x0808bdf4   0x00000018   Data   RO        16707    .constdata          arrow_rotate_right.o
    0x0808be0c   0x0808be0c   0x00000018   Data   RO        16708    .constdata          arrow_rotate_right.o
    0x0808be24   0x0808be24   0x00000004   PAD
    0x0808be28   0x0808be28   0x00000030   Data   RO        17896    .constdata          m_wm.l(cos_i.o)
    0x0808be58   0x0808be58   0x000000c8   Data   RO        17914    .constdata          m_wm.l(rred.o)
    0x0808bf20   0x0808bf20   0x00000028   Data   RO        17918    .constdata          m_wm.l(sin_i.o)
    0x0808bf48   0x0808bf48   0x00000040   Data   RO        18004    .constdata          mc_w.l(ctype_c.o)
    0x0808bf88   0x0808bf88   0x00000079   Data   RO          905    .conststring        touch.o
    0x0808c001   0x0808c001   0x00000003   PAD
    0x0808c004   0x0808c004   0x0000001b   Data   RO         6171    .conststring        lv_calendar.o
    0x0808c01f   0x0808c01f   0x00000001   PAD
    0x0808c020   0x0808c020   0x00000069   Data   RO         6561    .conststring        lv_calendar_header_arrow.o
    0x0808c089   0x0808c089   0x00000003   PAD
    0x0808c08c   0x0808c08c   0x0000028c   Data   RO         6746    .conststring        lv_calendar_header_dropdown.o
    0x0808c318   0x0808c318   0x0000009d   Data   RO         7640    .conststring        lv_keyboard.o
    0x0808c3b5   0x0808c3b5   0x00000003   PAD
    0x0808c3b8   0x0808c3b8   0x0000006c   Data   RO         7641    .conststring        lv_keyboard.o
    0x0808c424   0x0808c424   0x0000007e   Data   RO         7642    .conststring        lv_keyboard.o
    0x0808c4a2   0x0808c4a2   0x00000002   PAD
    0x0808c4a4   0x0808c4a4   0x00000004   Data   RO         7643    .conststring        lv_keyboard.o
    0x0808c4a8   0x0808c4a8   0x00000025   Data   RO        14993    .conststring        lv_btnmatrix.o
    0x0808c4cd   0x0808c4cd   0x00000003   PAD
    0x0808c4d0   0x0808c4d0   0x00000047   Data   RO        16030    .conststring        gui.o
    0x0808c517   0x0808c517   0x00000001   PAD
    0x0808c518   0x0808c518   0x00000021   Data   RO        16453    .conststring        mytask.o


==============================================================================

Image component sizes


      Code (inc. data)   RO Data    RW Data    ZI Data      Debug   Object Name

         0          0        230          8          0       6523   arrow_rotate_right.o
       588         18          0          0          0       2995   ctiic.o
       668         38          0          0        128       4773   datascope_dp.o
       184          4          0          4          0       1597   delay.o
       576         24         10          1          0       2811   ft5206.o
      2852        452         71         72          0      53430   gui.o
       288         16          0          1          0       1016   key.o
     17876        110       6080          4         14      24288   lcd.o
       160         14          0          0          0     230024   led.o
       126          0          0          0          0       2516   list_c.o
      1256         24          0         12          0      29103   lv_anim.o
      3342          8         28          0          0      67533   lv_arc.o
      1574         22          0          0          0       8967   lv_area.o
        76          4          0          0          0       1820   lv_async.o
      2092         26         28          0          0      51858   lv_bar.o
         0          0          0          0          0       5251   lv_bidi.o
        52          6         28          0          0       1495   lv_btn.o
      4026         26         65         28          0      50622   lv_btnmatrix.o
      1240         26         55         28          0      51765   lv_calendar.o
       440         32        133         48          0      44572   lv_calendar_header_arrow.o
       340         20        680          8          0      30867   lv_calendar_header_dropdown.o
         0          0          0          0          0       3986   lv_canvas.o
      8092         28         28          0          0      84057   lv_chart.o
      1026         16         28          0          0      41409   lv_checkbox.o
       908         16        380          0          0      10942   lv_color.o
      2666         14         28          6          0      68776   lv_colorwheel.o
      1168         30          0          0          0      47942   lv_disp.o
      3416          0          0          0          0      30985   lv_draw_arc.o
      3704         30          0          0          0      51805   lv_draw_blend.o
      2132         46          0          0          0      47191   lv_draw_img.o
      2320         30        278          8        256      31697   lv_draw_label.o
      2358          4         33          0          0      43203   lv_draw_line.o
      4684         34          0          0          0      29857   lv_draw_mask.o
      7456          8          0          0          0      40146   lv_draw_rect.o
         0          0          0          0          0       2420   lv_draw_triangle.o
      3480         58         56          0          0      51459   lv_dropdown.o
      1120         32          0          8          0      44065   lv_event.o
        14          0          0          0          0        556   lv_extra.o
      2792         54          0         16          0      65808   lv_flex.o
        48          0          0          0          0       6225   lv_font.o
         0          0          0          0          0       4388   lv_font_dejavu_16_persian_hebrew.o
       680         14          0          0          0       7061   lv_font_fmt_txt.o
         0          0      13629          8          0       2464   lv_font_montserrat_14.o
         0          0      19010          8          0       2464   lv_font_montserrat_18.o
       752          8          0          0          0       8841   lv_fs.o
       164         14          0         12        508       2024   lv_gc.o
      2808         38          0         24          0      70152   lv_grid.o
      1284         24          0          4          0      48129   lv_group.o
      2020         60          0         16          0      55168   lv_hal_disp.o
       200          8          0          0          0      36201   lv_hal_indev.o
        48          4          0         12          0       1751   lv_hal_tick.o
      3162         10         28          0          0      51423   lv_img.o
      3174         36          0          0          0      19709   lv_img_buf.o
        88          4          0          0          0       6407   lv_img_cache.o
      1980         32          0          0          0      20663   lv_img_decoder.o
      3292         12          0         12          0      25256   lv_indev.o
      2760          6          0          0          0      44980   lv_indev_scroll.o
       888         62       1309         72          0      49567   lv_keyboard.o
      4204         68         28          0          0      58668   lv_label.o
       800         10         28          0          0      47630   lv_led.o
       476          4         28          0          0      12394   lv_line.o
         0          0         84          0          0      42294   lv_list.o
       688          0          0          0          0       5849   lv_ll.o
       468         10        182          4          0       3961   lv_math.o
      1094         20          0          8      32768       7113   lv_mem.o
      3324         22         28          0          0      74320   lv_meter.o
         0          0         84          0          0      45009   lv_msgbox.o
      3412         36         28          8          0      54047   lv_obj.o
       456          4          0          0          0       2932   lv_obj_class.o
      1720          0          0          0          0      57113   lv_obj_draw.o
      4910         52          8          8          0      58452   lv_obj_pos.o
      4126         30          0          0          0      54960   lv_obj_scroll.o
      3528         38          0          1          0      56061   lv_obj_style.o
      1276          0          0          0          0      38411   lv_obj_style_gen.o
      1258         10          0          0          0      32188   lv_obj_tree.o
       100         16          0          0      76100      42701   lv_port_disp.o
       208         14          0         22         32       2069   lv_port_indev.o
      1692         10          0          0          0       9411   lv_printf.o
      3288         34          0         32          0      49519   lv_refr.o
      2608         78         56          0          0      46697   lv_roller.o
      1938          4         28          0          0      42133   lv_slider.o
      1184         12         28          0          0      52864   lv_spinbox.o
       168         22         28          8          0      45780   lv_spinner.o
       916         12          0          2          0      20065   lv_style.o
      1098          0          0          0          0      29844   lv_style_gen.o
       860         14         28          0          0      37393   lv_switch.o
      3620         18         28          0          0      54137   lv_table.o
      1066         26         28          4          0      59426   lv_tabview.o
      4434        114         28          4          0      61615   lv_textarea.o
       212         10          0          0          0      45113   lv_theme.o
      8164        262         22         32         76      56141   lv_theme_default.o
       536         14         56         12          0      45936   lv_tileview.o
       532         14          0         20          0       5351   lv_timer.o
      2094         10          0          0          0      20508   lv_tlsf.o
      1732         20          0         28          0      14717   lv_txt.o
        72          0          0          0          0       1016   lv_utils.o
       256         10         28          2          0      45907   lv_win.o
      1736        144         10         96          0     280142   main.o
       176         12          0          0          0       2069   misc.o
      2216        226          0         40        116       8684   motor_control.o
      2580        188         77         12          0      39492   mytask.o
      2944        208        804         56          0      12054   slave_motor.o
       736         22          0          0          0       2028   sram.o
        36          8        392          0       2560        856   startup_stm32f40_41xxx.o
       800         32          0          0          0       7089   stm32f4xx_dma.o
      1096         10         28          0          0       6262   stm32f4xx_fsmc.o
       524         44          0          0          0       4593   stm32f4xx_gpio.o
        16          0          0          0          0      69724   stm32f4xx_it.o
      1152         48          0         16          0      13504   stm32f4xx_rcc.o
      2524         52          0          0          0      24118   stm32f4xx_tim.o
       856         32          0          0          0       8408   stm32f4xx_usart.o
       128          8          0          0          0       2536   stm32f4xx_wwdg.o
        20          0          0          0          0        556   sys.o
       380         36          0         20          0       2011   system_stm32f4xx.o
       208          8          0          0          0      42219   timer.o
      2528        162        125         56          0       7191   touch.o
       904         36          0         12        712       5511   usart.o
       144         12          0          8          0       1226   wwdg.o

    ----------------------------------------------------------------------
    198700       3908      44580        944     113276    3813021   Object Totals
         0          0         32          0          0          0   (incl. Generated)
        38          0         41         13          6          0   (incl. Padding)

    ----------------------------------------------------------------------

      Code (inc. data)   RO Data    RW Data    ZI Data      Debug   Library Member Name

       368         46         48          0          0        200   cos_i.o
        84         16          0          0          0        372   dunder.o
        24          0          0          0          0        124   fabs.o
        48          0          0          0          0        124   fpclassify.o
       248          0          0          0          0        152   poly.o
      1080        142        200          0          0        188   rred.o
       200         20          0          0          0        164   sin.o
       304         24         40          0          0        208   sin_i.o
       122          0          0          0          0        148   sqrt.o
        86          0          0          0          0          0   __dczerorl2.o
        28          0          0          0          0         68   _chval.o
       816          6          0          0          0        112   _scanf.o
       332          0          0          0          0         96   _scanf_int.o
       342          0          0          0          0        100   _scanf_longlong.o
       224          0          0          0          0         96   _scanf_str.o
        64          0          0          0          0         84   _sgetc.o
        40          6         64          0          0         68   ctype_c.o
         0          0          0          0          0          0   entry.o
         0          0          0          0          0          0   entry10a.o
         0          0          0          0          0          0   entry11a.o
         4          0          0          0          0          0   entry12b.o
         8          4          0          0          0          0   entry2.o
         4          0          0          0          0          0   entry5.o
         0          0          0          0          0          0   entry7b.o
         0          0          0          0          0          0   entry8b.o
         8          4          0          0          0          0   entry9a.o
        12          6          0          4          0         68   errno.o
        30          0          0          0          0          0   handlers.o
        36          8          0          0          0         68   init.o
        10          0          0          0          0         68   isspace_c.o
         0          0          0          0          0          0   iusefp.o
        30          0          0          0          0         68   llshl.o
        36          0          0          0          0         68   llsshr.o
        32          0          0          0          0         68   llushr.o
       108         16          0          0          0         84   malloc.o
        64          0          0          0          0         76   memmovea.o
        36          0          0          0          0        108   memseta.o
         0          0          0          8          0          0   mvars.o
      2264         96          0          0          0        612   printfa.o
        40          8          0          0          0         84   scanf_char.o
       878         12          0          0          0        216   scanf_fp.o
        24          0          0          0          0         68   strcat.o
        28          0          0          0          0         76   strcmp.o
        18          0          0          0          0         68   strcpy.o
        14          0          0          0          0         68   strlen.o
        44          0          0          0          0         80   uidiv.o
        98          0          0          0          0         92   uldiv.o
        48          8          0          0          0         80   vsscanf.o
        48          0          0          0          0         68   cdcmple.o
        48          0          0          0          0         68   cdrcmple.o
        56          0          0          0          0         88   d2f.o
       334          0          0          0          0        148   dadd.o
       222          0          0          0          0        100   ddiv.o
       186          0          0          0          0        176   depilogue.o
        62          0          0          0          0         80   dfixi.o
        50          0          0          0          0         76   dfixui.o
        48          0          0          0          0         68   dfixul.o
        34          0          0          0          0         76   dflti.o
        26          0          0          0          0         76   dfltui.o
        24          0          0          0          0         76   dfltul.o
       228          0          0          0          0         96   dmul.o
       162          0          0          0          0        100   dsqrt.o
        38          0          0          0          0         68   f2d.o
       110          0          0          0          0        168   fepilogue.o

    ----------------------------------------------------------------------
      9984        422        352         12          0       5956   Library Totals
        24          0          0          0          0          0   (incl. Padding)

    ----------------------------------------------------------------------

      Code (inc. data)   RO Data    RW Data    ZI Data      Debug   Library Name

      2478        248        288          0          0       1680   m_wm.l
      5806        174         64         12          0       2744   mc_w.l
      1676          0          0          0          0       1532   mf_w.l

    ----------------------------------------------------------------------
      9984        422        352         12          0       5956   Library Totals

    ----------------------------------------------------------------------

==============================================================================


      Code (inc. data)   RO Data    RW Data    ZI Data      Debug   

    208684       4330      44932        956     113276    3791469   Grand Totals
    208684       4330      44932        244     113276    3791469   ELF Image Totals (compressed)
    208684       4330      44932        244          0          0   ROM Totals

==============================================================================

    Total RO  Size (Code + RO Data)               253616 ( 247.67kB)
    Total RW  Size (RW Data + ZI Data)            114232 ( 111.55kB)
    Total ROM Size (Code + RO Data + RW Data)     253860 ( 247.91kB)

==============================================================================

