<html>
<body>
<pre>
<h1>礦ision Build Log</h1>
<h2>Tool Versions:</h2>
IDE-Version: μVision V5.37.0.0
Copyright (C) 2022 ARM Ltd and ARM Germany GmbH. All rights reserved.
License Information: p pzh, none, LIC=21E4T-RAEXP-56GQ2-9DKF0-CALNN-78DAP
 
Tool Versions:
Toolchain:       MDK-ARM Plus  Version: 5.37.0.0
Toolchain Path:  D:\stm32\mdk\ARM\ARMCC\Bin
C Compiler:      Armcc.exe V5.06 update 7 (build 960)
Assembler:       Armasm.exe V5.06 update 7 (build 960)
Linker/Locator:  ArmLink.exe V5.06 update 7 (build 960)
Library Manager: ArmAr.exe V5.06 update 7 (build 960)
Hex Converter:   FromElf.exe V5.06 update 7 (build 960)
CPU DLL:         SARMCM3.DLL V5.37.0.0
Dialog DLL:      DCM.DLL V1.17.5.0
Target DLL:      STLink\ST-LINKIII-KEIL_SWO.dll V3.0.9.0
Dialog DLL:      TCM.DLL V1.56.1.0
 
<h2>Project:</h2>
f:\A0 陈老师\南科大电机 项目3 vor伺服\伺服电机项目3\vor-pjt\template\USER\PJ3.uvprojx
Project File Date:  04/16/2023

<h2>Output:</h2>
*** Using Compiler 'V5.06 update 7 (build 960)', folder: 'D:\stm32\mdk\ARM\ARMCC\Bin'
Build target 'release'
compiling Gui.c...
..\GUI\mytask.h(16): warning:  #1295-D: Deprecated declaration table_arrange_auto - give arg types
  void table_arrange_auto();
..\GUI\Gui.c(185): warning:  #177-D: variable "time"  was declared but never referenced
      static int time;
..\GUI\Gui.c(626): warning:  #223-D: function "printf" declared implicitly
      printf("/r/n drop %f :%s", num, buf);
..\GUI\Gui.c(669): warning:  #1-D: last line of file ends without a newline
  }
..\GUI\Gui.c: 4 warnings, 0 errors
linking...
Program Size: Code=208684 RO-data=44932 RW-data=956 ZI-data=113276  
FromELF: creating hex file...
After Build - User command #1: "F:\A0 陈老师\南科大电机 项目3 vor伺服\伺服电机项目3\vor-pjt\template\hex.bat"
f:\A0 陈老师\南科大电机 项目3 vor伺服\伺服电机项目3\vor-pjt\template\USER>set filename=VOR 
f:\A0 陈老师\南科大电机 项目3 vor伺服\伺服电机项目3\vor-pjt\template\USER>set path=OBJ 
f:\A0 陈老师\南科大电机 项目3 vor伺服\伺服电机项目3\vor-pjt\template\USER>set datevar=20230416 
f:\A0 陈老师\南科大电机 项目3 vor伺服\伺服电机项目3\vor-pjt\template\USER>set timevar=14 
f:\A0 陈老师\南科大电机 项目3 vor伺服\伺服电机项目3\vor-pjt\template\USER>if /I 14 LSS 10 (set timevar=04 ) 
f:\A0 陈老师\南科大电机 项目3 vor伺服\伺服电机项目3\vor-pjt\template\USER>set timevar=140841 
f:\A0 陈老师\南科大电机 项目3 vor伺服\伺服电机项目3\vor-pjt\template\USER>set copyfilename=VOR-20230416-140841 
f:\A0 陈老师\南科大电机 项目3 vor伺服\伺服电机项目3\vor-pjt\template\USER>del ..\*.hex 
f:\A0 陈老师\南科大电机 项目3 vor伺服\伺服电机项目3\vor-pjt\template\USER>copy ..\OBJ\template.hex ..\VOR-20230416-140841.hex 
已复制         1 个文件。
filename:VOR-20230416-140841.hex
"..\OBJ\template.axf" - 0 Error(s), 4 Warning(s).

<h2>Software Packages used:</h2>

Package Vendor: Keil
                http://www.keil.com/pack/Keil.STM32F4xx_DFP.2.15.0.pack
                Keil.STM32F4xx_DFP.2.15.0
                STMicroelectronics STM32F4 Series Device Support, Drivers and Examples

<h2>Collection of Component include folders:</h2>
  D:/stm32/mdk/ARM/PACK/Keil/STM32F4xx_DFP/2.15.0/Drivers/CMSIS/Device/ST/STM32F4xx/Include

<h2>Collection of Component Files used:</h2>
Build Time Elapsed:  00:00:05
</pre>
</body>
</html>
